Jan  3 16:13:37 ip-172-31-26-115 kernel: Command line: BOOT_IMAGE=(hd0,gpt1)/boot/vmlinuz-6.1.158-180.294.amzn2023.x86_64 root=UUID=170fd7a4-f127-46eb-a3be-8b380dc8d94a ro console=tty0 console=ttyS0,115200n8 nvme_core.io_timeout=4294967295 rd.emergency=poweroff rd.shell=0 selinux=1 security=selinux quiet
Jan  3 16:13:37 ip-172-31-26-115 kernel: KASLR enabled
Jan  3 16:13:37 ip-172-31-26-115 kernel: BIOS-provided physical RAM map:
Jan  3 16:13:37 ip-172-31-26-115 kernel: BIOS-e820: [mem 0x0000000000000000-0x000000000009ffff] usable
Jan  3 16:13:37 ip-172-31-26-115 kernel: BIOS-e820: [mem 0x0000000000100000-0x00000000786cdfff] usable
Jan  3 16:13:37 ip-172-31-26-115 kernel: BIOS-e820: [mem 0x00000000786ce000-0x000000007894dfff] reserved
Jan  3 16:13:37 ip-172-31-26-115 kernel: BIOS-e820: [mem 0x000000007894e000-0x000000007895dfff] ACPI data
Jan  3 16:13:37 ip-172-31-26-115 kernel: BIOS-e820: [mem 0x000000007895e000-0x00000000789ddfff] ACPI NVS
Jan  3 16:13:37 ip-172-31-26-115 kernel: BIOS-e820: [mem 0x00000000789de000-0x000000007c97bfff] usable
Jan  3 16:13:37 ip-172-31-26-115 kernel: BIOS-e820: [mem 0x000000007c97c000-0x000000007c9fffff] reserved
Jan  3 16:13:37 ip-172-31-26-115 kernel: NX (Execute Disable) protection: active
Jan  3 16:13:37 ip-172-31-26-115 kernel: extended physical RAM map:
Jan  3 16:13:37 ip-172-31-26-115 kernel: reserve setup_data: [mem 0x0000000000000000-0x000000000009ffff] usable
Jan  3 16:13:37 ip-172-31-26-115 kernel: reserve setup_data: [mem 0x0000000000100000-0x00000000768be017] usable
Jan  3 16:13:37 ip-172-31-26-115 kernel: reserve setup_data: [mem 0x00000000768be018-0x00000000768c6e57] usable
Jan  3 16:13:37 ip-172-31-26-115 kernel: reserve setup_data: [mem 0x00000000768c6e58-0x00000000786cdfff] usable
Jan  3 16:13:37 ip-172-31-26-115 kernel: reserve setup_data: [mem 0x00000000786ce000-0x000000007894dfff] reserved
Jan  3 16:13:37 ip-172-31-26-115 kernel: reserve setup_data: [mem 0x000000007894e000-0x000000007895dfff] ACPI data
Jan  3 16:13:37 ip-172-31-26-115 kernel: reserve setup_data: [mem 0x000000007895e000-0x00000000789ddfff] ACPI NVS
Jan  3 16:13:37 ip-172-31-26-115 kernel: reserve setup_data: [mem 0x00000000789de000-0x000000007c97bfff] usable
Jan  3 16:13:37 ip-172-31-26-115 kernel: reserve setup_data: [mem 0x000000007c97c000-0x000000007c9fffff] reserved
Jan  3 16:13:37 ip-172-31-26-115 kernel: efi: EFI v2.70 by EDK II
Jan  3 16:13:37 ip-172-31-26-115 kernel: efi: SMBIOS=0x7886a000 ACPI=0x7895d000 ACPI 2.0=0x7895d014 MEMATTR=0x77043a98 
Jan  3 16:13:37 ip-172-31-26-115 kernel: SMBIOS 2.7 present.
Jan  3 16:13:37 ip-172-31-26-115 kernel: DMI: Amazon EC2 t3.small/, BIOS 1.0 10/16/2017
Jan  3 16:13:37 ip-172-31-26-115 kernel: Hypervisor detected: KVM
Jan  3 16:13:37 ip-172-31-26-115 kernel: kvm-clock: Using msrs 4b564d01 and 4b564d00
Jan  3 16:13:37 ip-172-31-26-115 kernel: kvm-clock: using sched offset of 1751072626 cycles
Jan  3 16:13:37 ip-172-31-26-115 kernel: clocksource: kvm-clock: mask: 0xffffffffffffffff max_cycles: 0x1cd42e4dffb, max_idle_ns: 881590591483 ns
Jan  3 16:13:37 ip-172-31-26-115 kernel: tsc: Detected 2499.996 MHz processor
Jan  3 16:13:37 ip-172-31-26-115 kernel: last_pfn = 0x7c97c max_arch_pfn = 0x400000000
Jan  3 16:13:37 ip-172-31-26-115 kernel: x86/PAT: Configuration [0-7]: WB  WC  UC- UC  WB  WP  UC- WT  
Jan  3 16:13:37 ip-172-31-26-115 kernel: Using GB pages for direct mapping
Jan  3 16:13:37 ip-172-31-26-115 kernel: Secure boot disabled
Jan  3 16:13:37 ip-172-31-26-115 kernel: RAMDISK: [mem 0x71f29000-0x732b4fff]
Jan  3 16:13:37 ip-172-31-26-115 kernel: ACPI: Early table checksum verification disabled
Jan  3 16:13:37 ip-172-31-26-115 kernel: ACPI: RSDP 0x000000007895D014 000024 (v02 AMAZON)
Jan  3 16:13:37 ip-172-31-26-115 kernel: ACPI: XSDT 0x000000007895C0E8 00006C (v01 AMAZON AMZNFACP 00000001      01000013)
Jan  3 16:13:37 ip-172-31-26-115 kernel: ACPI: FACP 0x0000000078955000 000114 (v01 AMAZON AMZNFACP 00000001 AMZN 00000001)
Jan  3 16:13:37 ip-172-31-26-115 kernel: ACPI: DSDT 0x0000000078956000 00115A (v01 AMAZON AMZNDSDT 00000001 AMZN 00000001)
Jan  3 16:13:37 ip-172-31-26-115 kernel: ACPI: FACS 0x00000000789D0000 000040
Jan  3 16:13:37 ip-172-31-26-115 kernel: ACPI: WAET 0x000000007895B000 000028 (v01 AMAZON AMZNWAET 00000001 AMZN 00000001)
Jan  3 16:13:37 ip-172-31-26-115 kernel: ACPI: SLIT 0x000000007895A000 00006C (v01 AMAZON AMZNSLIT 00000001 AMZN 00000001)
Jan  3 16:13:37 ip-172-31-26-115 kernel: ACPI: APIC 0x0000000078959000 000076 (v01 AMAZON AMZNAPIC 00000001 AMZN 00000001)
Jan  3 16:13:37 ip-172-31-26-115 kernel: ACPI: SRAT 0x0000000078958000 0000A0 (v01 AMAZON AMZNSRAT 00000001 AMZN 00000001)
Jan  3 16:13:37 ip-172-31-26-115 kernel: ACPI: HPET 0x0000000078954000 000038 (v01 AMAZON AMZNHPET 00000001 AMZN 00000001)
Jan  3 16:13:37 ip-172-31-26-115 kernel: ACPI: SSDT 0x0000000078953000 000759 (v01 AMAZON AMZNSSDT 00000001 AMZN 00000001)
Jan  3 16:13:37 ip-172-31-26-115 kernel: ACPI: SSDT 0x0000000078952000 00007F (v01 AMAZON AMZNSSDT 00000001 AMZN 00000001)
Jan  3 16:13:37 ip-172-31-26-115 kernel: ACPI: BGRT 0x0000000078951000 000038 (v01 AMAZON AMAZON   00000002      01000013)
Jan  3 16:13:37 ip-172-31-26-115 kernel: ACPI: Reserving FACP table memory at [mem 0x78955000-0x78955113]
Jan  3 16:13:37 ip-172-31-26-115 kernel: ACPI: Reserving DSDT table memory at [mem 0x78956000-0x78957159]
Jan  3 16:13:37 ip-172-31-26-115 kernel: ACPI: Reserving FACS table memory at [mem 0x789d0000-0x789d003f]
Jan  3 16:13:37 ip-172-31-26-115 kernel: ACPI: Reserving WAET table memory at [mem 0x7895b000-0x7895b027]
Jan  3 16:13:37 ip-172-31-26-115 kernel: ACPI: Reserving SLIT table memory at [mem 0x7895a000-0x7895a06b]
Jan  3 16:13:37 ip-172-31-26-115 kernel: ACPI: Reserving APIC table memory at [mem 0x78959000-0x78959075]
Jan  3 16:13:37 ip-172-31-26-115 kernel: ACPI: Reserving SRAT table memory at [mem 0x78958000-0x7895809f]
Jan  3 16:13:37 ip-172-31-26-115 kernel: ACPI: Reserving HPET table memory at [mem 0x78954000-0x78954037]
Jan  3 16:13:37 ip-172-31-26-115 kernel: ACPI: Reserving SSDT table memory at [mem 0x78953000-0x78953758]
Jan  3 16:13:37 ip-172-31-26-115 kernel: ACPI: Reserving SSDT table memory at [mem 0x78952000-0x7895207e]
Jan  3 16:13:37 ip-172-31-26-115 kernel: ACPI: Reserving BGRT table memory at [mem 0x78951000-0x78951037]
Jan  3 16:13:37 ip-172-31-26-115 kernel: SRAT: PXM 0 -> APIC 0x00 -> Node 0
Jan  3 16:13:37 ip-172-31-26-115 kernel: SRAT: PXM 0 -> APIC 0x01 -> Node 0
Jan  3 16:13:37 ip-172-31-26-115 kernel: ACPI: SRAT: Node 0 PXM 0 [mem 0x00000000-0x7fffffff]
Jan  3 16:13:37 ip-172-31-26-115 kernel: NODE_DATA(0) allocated [mem 0x7a8cb000-0x7a8f5fff]
Jan  3 16:13:37 ip-172-31-26-115 kernel: Zone ranges:
Jan  3 16:13:37 ip-172-31-26-115 kernel:  DMA      [mem 0x0000000000001000-0x0000000000ffffff]
Jan  3 16:13:37 ip-172-31-26-115 kernel:  DMA32    [mem 0x0000000001000000-0x000000007c97bfff]
Jan  3 16:13:37 ip-172-31-26-115 kernel:  Normal   empty
Jan  3 16:13:37 ip-172-31-26-115 kernel:  Device   empty
Jan  3 16:13:37 ip-172-31-26-115 kernel: Movable zone start for each node
Jan  3 16:13:37 ip-172-31-26-115 kernel: Early memory node ranges
Jan  3 16:13:37 ip-172-31-26-115 kernel:  node   0: [mem 0x0000000000001000-0x000000000009ffff]
Jan  3 16:13:37 ip-172-31-26-115 kernel:  node   0: [mem 0x0000000000100000-0x00000000786cdfff]
Jan  3 16:13:37 ip-172-31-26-115 kernel:  node   0: [mem 0x00000000789de000-0x000000007c97bfff]
Jan  3 16:13:37 ip-172-31-26-115 kernel: Initmem setup node 0 [mem 0x0000000000001000-0x000000007c97bfff]
Jan  3 16:13:37 ip-172-31-26-115 kernel: On node 0, zone DMA: 1 pages in unavailable ranges
Jan  3 16:13:37 ip-172-31-26-115 kernel: On node 0, zone DMA: 96 pages in unavailable ranges
Jan  3 16:13:37 ip-172-31-26-115 kernel: On node 0, zone DMA32: 784 pages in unavailable ranges
Jan  3 16:13:37 ip-172-31-26-115 kernel: On node 0, zone DMA32: 13956 pages in unavailable ranges
Jan  3 16:13:37 ip-172-31-26-115 kernel: ACPI: PM-Timer IO Port: 0xb008
Jan  3 16:13:37 ip-172-31-26-115 kernel: ACPI: LAPIC_NMI (acpi_id[0xff] dfl dfl lint[0x1])
Jan  3 16:13:37 ip-172-31-26-115 kernel: IOAPIC[0]: apic_id 0, version 32, address 0xfec00000, GSI 0-23
Jan  3 16:13:37 ip-172-31-26-115 kernel: ACPI: INT_SRC_OVR (bus 0 bus_irq 5 global_irq 5 high level)
Jan  3 16:13:37 ip-172-31-26-115 kernel: ACPI: INT_SRC_OVR (bus 0 bus_irq 9 global_irq 9 high level)
Jan  3 16:13:37 ip-172-31-26-115 kernel: ACPI: INT_SRC_OVR (bus 0 bus_irq 10 global_irq 10 high level)
Jan  3 16:13:37 ip-172-31-26-115 kernel: ACPI: INT_SRC_OVR (bus 0 bus_irq 11 global_irq 11 high level)
Jan  3 16:13:37 ip-172-31-26-115 kernel: ACPI: Using ACPI (MADT) for SMP configuration information
Jan  3 16:13:37 ip-172-31-26-115 kernel: ACPI: HPET id: 0x8086a201 base: 0xfed00000
Jan  3 16:13:37 ip-172-31-26-115 kernel: TSC deadline timer available
Jan  3 16:13:37 ip-172-31-26-115 kernel: smpboot: Allowing 2 CPUs, 0 hotplug CPUs
Jan  3 16:13:37 ip-172-31-26-115 kernel: PM: hibernation: Registered nosave memory: [mem 0x00000000-0x00000fff]
Jan  3 16:13:37 ip-172-31-26-115 kernel: PM: hibernation: Registered nosave memory: [mem 0x000a0000-0x000fffff]
Jan  3 16:13:37 ip-172-31-26-115 kernel: PM: hibernation: Registered nosave memory: [mem 0x786ce000-0x789ddfff]
Jan  3 16:13:37 ip-172-31-26-115 kernel: [mem 0x7ca00000-0xffffffff] available for PCI devices
Jan  3 16:13:37 ip-172-31-26-115 kernel: Booting paravirtualized kernel on KVM
Jan  3 16:13:37 ip-172-31-26-115 kernel: clocksource: refined-jiffies: mask: 0xffffffff max_cycles: 0xffffffff, max_idle_ns: 19112604462750000 ns
Jan  3 16:13:37 ip-172-31-26-115 kernel: setup_percpu: NR_CPUS:8192 nr_cpumask_bits:2 nr_cpu_ids:2 nr_node_ids:1
Jan  3 16:13:37 ip-172-31-26-115 kernel: percpu: Embedded 60 pages/cpu s208896 r8192 d28672 u1048576
Jan  3 16:13:37 ip-172-31-26-115 kernel: kvm-guest: PV spinlocks enabled
Jan  3 16:13:37 ip-172-31-26-115 kernel: PV qspinlock hash table entries: 256 (order: 0, 4096 bytes, linear)
Jan  3 16:13:37 ip-172-31-26-115 kernel: Fallback order for Node 0: 0 
Jan  3 16:13:37 ip-172-31-26-115 kernel: Built 1 zonelists, mobility grouping on.  Total pages: 501318
Jan  3 16:13:37 ip-172-31-26-115 kernel: Policy zone: DMA32
Jan  3 16:13:37 ip-172-31-26-115 kernel: Kernel command line: BOOT_IMAGE=(hd0,gpt1)/boot/vmlinuz-6.1.158-180.294.amzn2023.x86_64 root=UUID=170fd7a4-f127-46eb-a3be-8b380dc8d94a ro console=tty0 console=ttyS0,115200n8 nvme_core.io_timeout=4294967295 rd.emergency=poweroff rd.shell=0 selinux=1 security=selinux quiet
Jan  3 16:13:37 ip-172-31-26-115 kernel: random: crng init done
Jan  3 16:13:37 ip-172-31-26-115 kernel: Dentry cache hash table entries: 262144 (order: 9, 2097152 bytes, linear)
Jan  3 16:13:37 ip-172-31-26-115 kernel: Inode-cache hash table entries: 131072 (order: 8, 1048576 bytes, linear)
Jan  3 16:13:37 ip-172-31-26-115 kernel: mem auto-init: stack:off, heap alloc:off, heap free:off
Jan  3 16:13:37 ip-172-31-26-115 kernel: Memory: 260860K/2037804K available (14347K kernel code, 9298K rwdata, 8912K rodata, 2452K init, 6384K bss, 151156K reserved, 0K cma-reserved)
Jan  3 16:13:37 ip-172-31-26-115 kernel: SLUB: HWalign=64, Order=0-3, MinObjects=0, CPUs=2, Nodes=1
Jan  3 16:13:37 ip-172-31-26-115 kernel: Kernel/User page tables isolation: enabled
Jan  3 16:13:37 ip-172-31-26-115 kernel: ftrace: allocating 41877 entries in 164 pages
Jan  3 16:13:37 ip-172-31-26-115 kernel: ftrace: allocated 164 pages with 3 groups
Jan  3 16:13:37 ip-172-31-26-115 kernel: Dynamic Preempt: none
Jan  3 16:13:37 ip-172-31-26-115 kernel: rcu: Preemptible hierarchical RCU implementation.
Jan  3 16:13:37 ip-172-31-26-115 kernel: rcu: #011RCU restricting CPUs from NR_CPUS=8192 to nr_cpu_ids=2.
Jan  3 16:13:37 ip-172-31-26-115 kernel: #011Trampoline variant of Tasks RCU enabled.
Jan  3 16:13:37 ip-172-31-26-115 kernel: #011Rude variant of Tasks RCU enabled.
Jan  3 16:13:37 ip-172-31-26-115 kernel: #011Tracing variant of Tasks RCU enabled.
Jan  3 16:13:37 ip-172-31-26-115 kernel: rcu: RCU calculated value of scheduler-enlistment delay is 10 jiffies.
Jan  3 16:13:37 ip-172-31-26-115 kernel: rcu: Adjusting geometry for rcu_fanout_leaf=16, nr_cpu_ids=2
Jan  3 16:13:37 ip-172-31-26-115 kernel: NR_IRQS: 524544, nr_irqs: 440, preallocated irqs: 16
Jan  3 16:13:37 ip-172-31-26-115 kernel: rcu: srcu_init: Setting srcu_struct sizes based on contention.
Jan  3 16:13:37 ip-172-31-26-115 kernel: Console: colour dummy device 80x25
Jan  3 16:13:37 ip-172-31-26-115 kernel: printk: console [tty0] enabled
Jan  3 16:13:37 ip-172-31-26-115 kernel: printk: console [ttyS0] enabled
Jan  3 16:13:37 ip-172-31-26-115 kernel: ACPI: Core revision 20220331
Jan  3 16:13:37 ip-172-31-26-115 kernel: clocksource: hpet: mask: 0xffffffff max_cycles: 0xffffffff, max_idle_ns: 30580167144 ns
Jan  3 16:13:37 ip-172-31-26-115 kernel: APIC: Switch to symmetric I/O mode setup
Jan  3 16:13:37 ip-172-31-26-115 kernel: x2apic enabled
Jan  3 16:13:37 ip-172-31-26-115 kernel: Switched APIC routing to physical x2apic.
Jan  3 16:13:37 ip-172-31-26-115 kernel: clocksource: tsc-early: mask: 0xffffffffffffffff max_cycles: 0x24093623c91, max_idle_ns: 440795291220 ns
Jan  3 16:13:37 ip-172-31-26-115 kernel: Calibrating delay loop (skipped) preset value.. 4999.99 BogoMIPS (lpj=24999960)
Jan  3 16:13:37 ip-172-31-26-115 kernel: Last level iTLB entries: 4KB 64, 2MB 8, 4MB 8
Jan  3 16:13:37 ip-172-31-26-115 kernel: Last level dTLB entries: 4KB 64, 2MB 32, 4MB 32, 1GB 4
Jan  3 16:13:37 ip-172-31-26-115 kernel: Spectre V1 : Mitigation: usercopy/swapgs barriers and __user pointer sanitization
Jan  3 16:13:37 ip-172-31-26-115 kernel: Spectre V2 : Mitigation: Retpolines
Jan  3 16:13:37 ip-172-31-26-115 kernel: Spectre V2 : Spectre v2 / SpectreRSB: Filling RSB on context switch and VMEXIT
Jan  3 16:13:37 ip-172-31-26-115 kernel: RETBleed: WARNING: Spectre v2 mitigation leaves CPU vulnerable to RETBleed attacks, data leaks possible!
Jan  3 16:13:37 ip-172-31-26-115 kernel: RETBleed: Vulnerable
Jan  3 16:13:37 ip-172-31-26-115 kernel: Speculative Store Bypass: Vulnerable
Jan  3 16:13:37 ip-172-31-26-115 kernel: MDS: Vulnerable: Clear CPU buffers attempted, no microcode
Jan  3 16:13:37 ip-172-31-26-115 kernel: MMIO Stale Data: Vulnerable: Clear CPU buffers attempted, no microcode
Jan  3 16:13:37 ip-172-31-26-115 kernel: GDS: Unknown: Dependent on hypervisor status
Jan  3 16:13:37 ip-172-31-26-115 kernel: active return thunk: its_return_thunk
Jan  3 16:13:37 ip-172-31-26-115 kernel: ITS: Mitigation: Aligned branch/return thunks
Jan  3 16:13:37 ip-172-31-26-115 kernel: x86/fpu: Supporting XSAVE feature 0x001: 'x87 floating point registers'
Jan  3 16:13:37 ip-172-31-26-115 kernel: x86/fpu: Supporting XSAVE feature 0x002: 'SSE registers'
Jan  3 16:13:37 ip-172-31-26-115 kernel: x86/fpu: Supporting XSAVE feature 0x004: 'AVX registers'
Jan  3 16:13:37 ip-172-31-26-115 kernel: x86/fpu: Supporting XSAVE feature 0x008: 'MPX bounds registers'
Jan  3 16:13:37 ip-172-31-26-115 kernel: x86/fpu: Supporting XSAVE feature 0x010: 'MPX CSR'
Jan  3 16:13:37 ip-172-31-26-115 kernel: x86/fpu: Supporting XSAVE feature 0x020: 'AVX-512 opmask'
Jan  3 16:13:37 ip-172-31-26-115 kernel: x86/fpu: Supporting XSAVE feature 0x040: 'AVX-512 Hi256'
Jan  3 16:13:37 ip-172-31-26-115 kernel: x86/fpu: Supporting XSAVE feature 0x080: 'AVX-512 ZMM_Hi256'
Jan  3 16:13:37 ip-172-31-26-115 kernel: x86/fpu: Supporting XSAVE feature 0x200: 'Protection Keys User registers'
Jan  3 16:13:37 ip-172-31-26-115 kernel: x86/fpu: xstate_offset[2]:  576, xstate_sizes[2]:  256
Jan  3 16:13:37 ip-172-31-26-115 kernel: x86/fpu: xstate_offset[3]:  832, xstate_sizes[3]:   64
Jan  3 16:13:37 ip-172-31-26-115 kernel: x86/fpu: xstate_offset[4]:  896, xstate_sizes[4]:   64
Jan  3 16:13:37 ip-172-31-26-115 kernel: x86/fpu: xstate_offset[5]:  960, xstate_sizes[5]:   64
Jan  3 16:13:37 ip-172-31-26-115 kernel: x86/fpu: xstate_offset[6]: 1024, xstate_sizes[6]:  512
Jan  3 16:13:37 ip-172-31-26-115 kernel: x86/fpu: xstate_offset[7]: 1536, xstate_sizes[7]: 1024
Jan  3 16:13:37 ip-172-31-26-115 kernel: x86/fpu: xstate_offset[9]: 2560, xstate_sizes[9]:    8
Jan  3 16:13:37 ip-172-31-26-115 kernel: x86/fpu: Enabled xstate features 0x2ff, context size is 2568 bytes, using 'compacted' format.
Jan  3 16:13:37 ip-172-31-26-115 kernel: Freeing SMP alternatives memory: 36K
Jan  3 16:13:37 ip-172-31-26-115 kernel: pid_max: default: 32768 minimum: 301
Jan  3 16:13:37 ip-172-31-26-115 kernel: LSM: Security Framework initializing
Jan  3 16:13:37 ip-172-31-26-115 kernel: landlock: Up and running.
Jan  3 16:13:37 ip-172-31-26-115 kernel: Yama: becoming mindful.
Jan  3 16:13:37 ip-172-31-26-115 kernel: SELinux:  Initializing.
Jan  3 16:13:37 ip-172-31-26-115 kernel: LSM support for eBPF active
Jan  3 16:13:37 ip-172-31-26-115 kernel: Mount-cache hash table entries: 4096 (order: 3, 32768 bytes, linear)
Jan  3 16:13:37 ip-172-31-26-115 kernel: Mountpoint-cache hash table entries: 4096 (order: 3, 32768 bytes, linear)
Jan  3 16:13:37 ip-172-31-26-115 kernel: smpboot: CPU0: Intel(R) Xeon(R) Platinum 8259CL CPU @ 2.50GHz (family: 0x6, model: 0x55, stepping: 0x7)
Jan  3 16:13:37 ip-172-31-26-115 kernel: cblist_init_generic: Setting adjustable number of callback queues.
Jan  3 16:13:37 ip-172-31-26-115 kernel: cblist_init_generic: Setting shift to 1 and lim to 1.
Jan  3 16:13:37 ip-172-31-26-115 kernel: cblist_init_generic: Setting adjustable number of callback queues.
Jan  3 16:13:37 ip-172-31-26-115 kernel: cblist_init_generic: Setting shift to 1 and lim to 1.
Jan  3 16:13:37 ip-172-31-26-115 kernel: cblist_init_generic: Setting adjustable number of callback queues.
Jan  3 16:13:37 ip-172-31-26-115 kernel: cblist_init_generic: Setting shift to 1 and lim to 1.
Jan  3 16:13:37 ip-172-31-26-115 kernel: Performance Events: unsupported p6 CPU model 85 no PMU driver, software events only.
Jan  3 16:13:37 ip-172-31-26-115 kernel: signal: max sigframe size: 3632
Jan  3 16:13:37 ip-172-31-26-115 kernel: rcu: Hierarchical SRCU implementation.
Jan  3 16:13:37 ip-172-31-26-115 kernel: rcu: #011Max phase no-delay instances is 1000.
Jan  3 16:13:37 ip-172-31-26-115 kernel: smp: Bringing up secondary CPUs ...
Jan  3 16:13:37 ip-172-31-26-115 kernel: x86: Booting SMP configuration:
Jan  3 16:13:37 ip-172-31-26-115 kernel: .... node  #0, CPUs:      #1
Jan  3 16:13:37 ip-172-31-26-115 kernel: MDS CPU bug present and SMT on, data leak possible. See https://www.kernel.org/doc/html/latest/admin-guide/hw-vuln/mds.html for more details.
Jan  3 16:13:37 ip-172-31-26-115 kernel: MMIO Stale Data CPU bug present and SMT on, data leak possible. See https://www.kernel.org/doc/html/latest/admin-guide/hw-vuln/processor_mmio_stale_data.html for more details.
Jan  3 16:13:37 ip-172-31-26-115 kernel: smp: Brought up 1 node, 2 CPUs
Jan  3 16:13:37 ip-172-31-26-115 kernel: smpboot: Max logical packages: 1
Jan  3 16:13:37 ip-172-31-26-115 kernel: smpboot: Total of 2 processors activated (9999.98 BogoMIPS)
Jan  3 16:13:37 ip-172-31-26-115 kernel: node 0 deferred pages initialised in 0ms
Jan  3 16:13:37 ip-172-31-26-115 kernel: devtmpfs: initialized
Jan  3 16:13:37 ip-172-31-26-115 kernel: x86/mm: Memory block size: 128MB
Jan  3 16:13:37 ip-172-31-26-115 kernel: ACPI: PM: Registering ACPI NVS region [mem 0x7895e000-0x789ddfff] (524288 bytes)
Jan  3 16:13:37 ip-172-31-26-115 kernel: clocksource: jiffies: mask: 0xffffffff max_cycles: 0xffffffff, max_idle_ns: 19112604462750000 ns
Jan  3 16:13:37 ip-172-31-26-115 kernel: futex hash table entries: 512 (order: 3, 32768 bytes, linear)
Jan  3 16:13:37 ip-172-31-26-115 kernel: NET: Registered PF_NETLINK/PF_ROUTE protocol family
Jan  3 16:13:37 ip-172-31-26-115 kernel: DMA: preallocated 256 KiB GFP_KERNEL pool for atomic allocations
Jan  3 16:13:37 ip-172-31-26-115 kernel: DMA: preallocated 256 KiB GFP_KERNEL|GFP_DMA pool for atomic allocations
Jan  3 16:13:37 ip-172-31-26-115 kernel: DMA: preallocated 256 KiB GFP_KERNEL|GFP_DMA32 pool for atomic allocations
Jan  3 16:13:37 ip-172-31-26-115 kernel: audit: initializing netlink subsys (disabled)
Jan  3 16:13:37 ip-172-31-26-115 kernel: audit: type=2000 audit(1767456817.761:1): state=initialized audit_enabled=0 res=1
Jan  3 16:13:37 ip-172-31-26-115 kernel: thermal_sys: Registered thermal governor 'fair_share'
Jan  3 16:13:37 ip-172-31-26-115 kernel: thermal_sys: Registered thermal governor 'step_wise'
Jan  3 16:13:37 ip-172-31-26-115 kernel: thermal_sys: Registered thermal governor 'user_space'
Jan  3 16:13:37 ip-172-31-26-115 kernel: cpuidle: using governor ladder
Jan  3 16:13:37 ip-172-31-26-115 kernel: cpuidle: using governor menu
Jan  3 16:13:37 ip-172-31-26-115 kernel: acpiphp: ACPI Hot Plug PCI Controller Driver version: 0.5
Jan  3 16:13:37 ip-172-31-26-115 kernel: PCI: Using configuration type 1 for base access
Jan  3 16:13:37 ip-172-31-26-115 kernel: kprobes: kprobe jump-optimization is enabled. All kprobes are optimized if possible.
Jan  3 16:13:37 ip-172-31-26-115 kernel: HugeTLB: registered 1.00 GiB page size, pre-allocated 0 pages
Jan  3 16:13:37 ip-172-31-26-115 kernel: HugeTLB: 16380 KiB vmemmap can be freed for a 1.00 GiB page
Jan  3 16:13:37 ip-172-31-26-115 kernel: HugeTLB: registered 2.00 MiB page size, pre-allocated 0 pages
Jan  3 16:13:37 ip-172-31-26-115 kernel: HugeTLB: 28 KiB vmemmap can be freed for a 2.00 MiB page
Jan  3 16:13:37 ip-172-31-26-115 kernel: cryptd: max_cpu_qlen set to 1000
Jan  3 16:13:37 ip-172-31-26-115 kernel: ACPI: Added _OSI(Module Device)
Jan  3 16:13:37 ip-172-31-26-115 kernel: ACPI: Added _OSI(Processor Device)
Jan  3 16:13:37 ip-172-31-26-115 kernel: ACPI: Added _OSI(Processor Aggregator Device)
Jan  3 16:13:37 ip-172-31-26-115 kernel: ACPI: 3 ACPI AML tables successfully acquired and loaded
Jan  3 16:13:37 ip-172-31-26-115 kernel: ACPI: Interpreter enabled
Jan  3 16:13:37 ip-172-31-26-115 kernel: ACPI: PM: (supports S0 S4 S5)
Jan  3 16:13:37 ip-172-31-26-115 kernel: ACPI: Using IOAPIC for interrupt routing
Jan  3 16:13:37 ip-172-31-26-115 kernel: PCI: Using host bridge windows from ACPI; if necessary, use "pci=nocrs" and report a bug
Jan  3 16:13:37 ip-172-31-26-115 kernel: PCI: Using E820 reservations for host bridge windows
Jan  3 16:13:37 ip-172-31-26-115 kernel: ACPI: Enabled 2 GPEs in block 00 to 0F
Jan  3 16:13:37 ip-172-31-26-115 kernel: ACPI: PCI Root Bridge [PCI0] (domain 0000 [bus 00-ff])
Jan  3 16:13:37 ip-172-31-26-115 kernel: acpi PNP0A03:00: _OSC: OS supports [ASPM ClockPM Segments MSI HPX-Type3]
Jan  3 16:13:37 ip-172-31-26-115 kernel: acpi PNP0A03:00: _OSC: not requesting OS control; OS requires [ExtendedConfig ASPM ClockPM MSI]
Jan  3 16:13:37 ip-172-31-26-115 kernel: acpi PNP0A03:00: fail to add MMCONFIG information, can't access extended PCI configuration space under this bridge.
Jan  3 16:13:37 ip-172-31-26-115 kernel: acpiphp: Slot [3] registered
Jan  3 16:13:37 ip-172-31-26-115 kernel: acpiphp: Slot [4] registered
Jan  3 16:13:37 ip-172-31-26-115 kernel: acpiphp: Slot [5] registered
Jan  3 16:13:37 ip-172-31-26-115 kernel: acpiphp: Slot [6] registered
Jan  3 16:13:37 ip-172-31-26-115 kernel: acpiphp: Slot [7] registered
Jan  3 16:13:37 ip-172-31-26-115 kernel: acpiphp: Slot [8] registered
Jan  3 16:13:37 ip-172-31-26-115 kernel: acpiphp: Slot [9] registered
Jan  3 16:13:37 ip-172-31-26-115 kernel: acpiphp: Slot [10] registered
Jan  3 16:13:37 ip-172-31-26-115 kernel: acpiphp: Slot [11] registered
Jan  3 16:13:37 ip-172-31-26-115 kernel: acpiphp: Slot [12] registered
Jan  3 16:13:37 ip-172-31-26-115 kernel: acpiphp: Slot [13] registered
Jan  3 16:13:37 ip-172-31-26-115 kernel: acpiphp: Slot [14] registered
Jan  3 16:13:37 ip-172-31-26-115 kernel: acpiphp: Slot [15] registered
Jan  3 16:13:37 ip-172-31-26-115 kernel: acpiphp: Slot [16] registered
Jan  3 16:13:37 ip-172-31-26-115 kernel: acpiphp: Slot [17] registered
Jan  3 16:13:37 ip-172-31-26-115 kernel: acpiphp: Slot [18] registered
Jan  3 16:13:37 ip-172-31-26-115 kernel: acpiphp: Slot [19] registered
Jan  3 16:13:37 ip-172-31-26-115 kernel: acpiphp: Slot [20] registered
Jan  3 16:13:37 ip-172-31-26-115 kernel: acpiphp: Slot [21] registered
Jan  3 16:13:37 ip-172-31-26-115 kernel: acpiphp: Slot [22] registered
Jan  3 16:13:37 ip-172-31-26-115 kernel: acpiphp: Slot [23] registered
Jan  3 16:13:37 ip-172-31-26-115 kernel: acpiphp: Slot [24] registered
Jan  3 16:13:37 ip-172-31-26-115 kernel: acpiphp: Slot [25] registered
Jan  3 16:13:37 ip-172-31-26-115 kernel: acpiphp: Slot [26] registered
Jan  3 16:13:37 ip-172-31-26-115 kernel: acpiphp: Slot [27] registered
Jan  3 16:13:37 ip-172-31-26-115 kernel: acpiphp: Slot [28] registered
Jan  3 16:13:37 ip-172-31-26-115 kernel: acpiphp: Slot [29] registered
Jan  3 16:13:37 ip-172-31-26-115 kernel: acpiphp: Slot [30] registered
Jan  3 16:13:37 ip-172-31-26-115 kernel: acpiphp: Slot [31] registered
Jan  3 16:13:37 ip-172-31-26-115 kernel: PCI host bridge to bus 0000:00
Jan  3 16:13:37 ip-172-31-26-115 kernel: pci_bus 0000:00: root bus resource [io  0x0000-0x0cf7 window]
Jan  3 16:13:37 ip-172-31-26-115 kernel: pci_bus 0000:00: root bus resource [io  0x0d00-0xffff window]
Jan  3 16:13:37 ip-172-31-26-115 kernel: pci_bus 0000:00: root bus resource [mem 0x000a0000-0x000bffff window]
Jan  3 16:13:37 ip-172-31-26-115 kernel: pci_bus 0000:00: root bus resource [mem 0x80000000-0xfebfffff window]
Jan  3 16:13:37 ip-172-31-26-115 kernel: pci_bus 0000:00: root bus resource [mem 0x100000000-0x2000ffffffff window]
Jan  3 16:13:37 ip-172-31-26-115 kernel: pci_bus 0000:00: root bus resource [bus 00-ff]
Jan  3 16:13:37 ip-172-31-26-115 kernel: pci 0000:00:00.0: [8086:1237] type 00 class 0x060000
Jan  3 16:13:37 ip-172-31-26-115 kernel: pci 0000:00:01.0: [8086:7000] type 00 class 0x060100
Jan  3 16:13:37 ip-172-31-26-115 kernel: pci 0000:00:01.3: [8086:7113] type 00 class 0x000000
Jan  3 16:13:37 ip-172-31-26-115 kernel: pci 0000:00:01.3: quirk: [io  0xb000-0xb03f] claimed by PIIX4 ACPI
Jan  3 16:13:37 ip-172-31-26-115 kernel: pci 0000:00:01.3: PIIX4 devres E PIO at fff0-ffff
Jan  3 16:13:37 ip-172-31-26-115 kernel: pci 0000:00:01.3: PIIX4 devres F MMIO at ffc00000-ffffffff
Jan  3 16:13:37 ip-172-31-26-115 kernel: pci 0000:00:01.3: PIIX4 devres G PIO at fff0-ffff
Jan  3 16:13:37 ip-172-31-26-115 kernel: pci 0000:00:01.3: PIIX4 devres H MMIO at ffc00000-ffffffff
Jan  3 16:13:37 ip-172-31-26-115 kernel: pci 0000:00:01.3: PIIX4 devres I PIO at fff0-ffff
Jan  3 16:13:37 ip-172-31-26-115 kernel: pci 0000:00:01.3: PIIX4 devres J PIO at fff0-ffff
Jan  3 16:13:37 ip-172-31-26-115 kernel: pci 0000:00:03.0: [1d0f:1111] type 00 class 0x030000
Jan  3 16:13:37 ip-172-31-26-115 kernel: pci 0000:00:03.0: reg 0x10: [mem 0x80000000-0x803fffff pref]
Jan  3 16:13:37 ip-172-31-26-115 kernel: pci 0000:00:03.0: reg 0x30: [mem 0xffff0000-0xffffffff pref]
Jan  3 16:13:37 ip-172-31-26-115 kernel: pci 0000:00:03.0: Video device with shadowed ROM at [mem 0x000c0000-0x000dffff]
Jan  3 16:13:37 ip-172-31-26-115 kernel: pci 0000:00:04.0: [1d0f:8061] type 00 class 0x010802
Jan  3 16:13:37 ip-172-31-26-115 kernel: pci 0000:00:04.0: reg 0x10: [mem 0x80404000-0x80407fff]
Jan  3 16:13:37 ip-172-31-26-115 kernel: pci 0000:00:05.0: [1d0f:ec20] type 00 class 0x020000
Jan  3 16:13:37 ip-172-31-26-115 kernel: pci 0000:00:05.0: reg 0x10: [mem 0x80400000-0x80403fff]
Jan  3 16:13:37 ip-172-31-26-115 kernel: ACPI: PCI: Interrupt link LNKA configured for IRQ 10
Jan  3 16:13:37 ip-172-31-26-115 kernel: ACPI: PCI: Interrupt link LNKB configured for IRQ 10
Jan  3 16:13:37 ip-172-31-26-115 kernel: ACPI: PCI: Interrupt link LNKC configured for IRQ 11
Jan  3 16:13:37 ip-172-31-26-115 kernel: ACPI: PCI: Interrupt link LNKD configured for IRQ 11
Jan  3 16:13:37 ip-172-31-26-115 kernel: ACPI: PCI: Interrupt link LNKS configured for IRQ 9
Jan  3 16:13:37 ip-172-31-26-115 kernel: iommu: Default domain type: Translated 
Jan  3 16:13:37 ip-172-31-26-115 kernel: iommu: DMA domain TLB invalidation policy: lazy mode 
Jan  3 16:13:37 ip-172-31-26-115 kernel: pps_core: LinuxPPS API ver. 1 registered
Jan  3 16:13:37 ip-172-31-26-115 kernel: pps_core: Software ver. 5.3.6 - Copyright 2005-2007 Rodolfo Giometti <giometti@linux.it>
Jan  3 16:13:37 ip-172-31-26-115 kernel: PTP clock support registered
Jan  3 16:13:37 ip-172-31-26-115 kernel: EDAC MC: Ver: 3.0.0
Jan  3 16:13:37 ip-172-31-26-115 kernel: Registered efivars operations
Jan  3 16:13:37 ip-172-31-26-115 kernel: NetLabel: Initializing
Jan  3 16:13:37 ip-172-31-26-115 kernel: NetLabel:  domain hash size = 128
Jan  3 16:13:37 ip-172-31-26-115 kernel: NetLabel:  protocols = UNLABELED CIPSOv4 CALIPSO
Jan  3 16:13:37 ip-172-31-26-115 kernel: NetLabel:  unlabeled traffic allowed by default
Jan  3 16:13:37 ip-172-31-26-115 kernel: PCI: Using ACPI for IRQ routing
Jan  3 16:13:37 ip-172-31-26-115 kernel: hpet0: at MMIO 0xfed00000, IRQs 2, 8, 0, 0, 0, 0, 0, 0
Jan  3 16:13:37 ip-172-31-26-115 kernel: hpet0: 8 comparators, 32-bit 62.500000 MHz counter
Jan  3 16:13:37 ip-172-31-26-115 kernel: clocksource: Switched to clocksource kvm-clock
Jan  3 16:13:37 ip-172-31-26-115 kernel: VFS: Disk quotas dquot_6.6.0
Jan  3 16:13:37 ip-172-31-26-115 kernel: VFS: Dquot-cache hash table entries: 512 (order 0, 4096 bytes)
Jan  3 16:13:37 ip-172-31-26-115 kernel: pnp: PnP ACPI init
Jan  3 16:13:37 ip-172-31-26-115 kernel: pnp: PnP ACPI: found 5 devices
Jan  3 16:13:37 ip-172-31-26-115 kernel: clocksource: acpi_pm: mask: 0xffffff max_cycles: 0xffffff, max_idle_ns: 2085701024 ns
Jan  3 16:13:37 ip-172-31-26-115 kernel: NET: Registered PF_INET protocol family
Jan  3 16:13:37 ip-172-31-26-115 kernel: IP idents hash table entries: 32768 (order: 6, 262144 bytes, linear)
Jan  3 16:13:37 ip-172-31-26-115 kernel: tcp_listen_portaddr_hash hash table entries: 1024 (order: 2, 16384 bytes, linear)
Jan  3 16:13:37 ip-172-31-26-115 kernel: Table-perturb hash table entries: 65536 (order: 6, 262144 bytes, linear)
Jan  3 16:13:37 ip-172-31-26-115 kernel: TCP established hash table entries: 16384 (order: 5, 131072 bytes, linear)
Jan  3 16:13:37 ip-172-31-26-115 kernel: TCP bind hash table entries: 16384 (order: 7, 524288 bytes, linear)
Jan  3 16:13:37 ip-172-31-26-115 kernel: TCP: Hash tables configured (established 16384 bind 16384)
Jan  3 16:13:37 ip-172-31-26-115 kernel: MPTCP token hash table entries: 2048 (order: 3, 49152 bytes, linear)
Jan  3 16:13:37 ip-172-31-26-115 kernel: UDP hash table entries: 1024 (order: 3, 32768 bytes, linear)
Jan  3 16:13:37 ip-172-31-26-115 kernel: UDP-Lite hash table entries: 1024 (order: 3, 32768 bytes, linear)
Jan  3 16:13:37 ip-172-31-26-115 kernel: NET: Registered PF_UNIX/PF_LOCAL protocol family
Jan  3 16:13:37 ip-172-31-26-115 kernel: NET: Registered PF_XDP protocol family
Jan  3 16:13:37 ip-172-31-26-115 kernel: pci_bus 0000:00: resource 4 [io  0x0000-0x0cf7 window]
Jan  3 16:13:37 ip-172-31-26-115 kernel: pci_bus 0000:00: resource 5 [io  0x0d00-0xffff window]
Jan  3 16:13:37 ip-172-31-26-115 kernel: pci_bus 0000:00: resource 6 [mem 0x000a0000-0x000bffff window]
Jan  3 16:13:37 ip-172-31-26-115 kernel: pci_bus 0000:00: resource 7 [mem 0x80000000-0xfebfffff window]
Jan  3 16:13:37 ip-172-31-26-115 kernel: pci_bus 0000:00: resource 8 [mem 0x100000000-0x2000ffffffff window]
Jan  3 16:13:37 ip-172-31-26-115 kernel: pci 0000:00:00.0: Limiting direct PCI/PCI transfers
Jan  3 16:13:37 ip-172-31-26-115 kernel: PCI: CLS 0 bytes, default 64
Jan  3 16:13:37 ip-172-31-26-115 kernel: clocksource: tsc: mask: 0xffffffffffffffff max_cycles: 0x24093623c91, max_idle_ns: 440795291220 ns
Jan  3 16:13:37 ip-172-31-26-115 kernel: Trying to unpack rootfs image as initramfs...
Jan  3 16:13:37 ip-172-31-26-115 kernel: clocksource: Switched to clocksource tsc
Jan  3 16:13:37 ip-172-31-26-115 kernel: Initialise system trusted keyrings
Jan  3 16:13:37 ip-172-31-26-115 kernel: Key type blacklist registered
Jan  3 16:13:37 ip-172-31-26-115 kernel: workingset: timestamp_bits=36 max_order=19 bucket_order=0
Jan  3 16:13:37 ip-172-31-26-115 kernel: zbud: loaded
Jan  3 16:13:37 ip-172-31-26-115 kernel: SGI XFS with ACLs, security attributes, quota, no debug enabled
Jan  3 16:13:37 ip-172-31-26-115 kernel: integrity: Platform Keyring initialized
Jan  3 16:13:37 ip-172-31-26-115 kernel: Key type asymmetric registered
Jan  3 16:13:37 ip-172-31-26-115 kernel: Asymmetric key parser 'x509' registered
Jan  3 16:13:37 ip-172-31-26-115 kernel: Block layer SCSI generic (bsg) driver version 0.4 loaded (major 248)
Jan  3 16:13:37 ip-172-31-26-115 kernel: io scheduler mq-deadline registered
Jan  3 16:13:37 ip-172-31-26-115 kernel: io scheduler kyber registered
Jan  3 16:13:37 ip-172-31-26-115 kernel: io scheduler bfq registered
Jan  3 16:13:37 ip-172-31-26-115 kernel: shpchp: Standard Hot Plug PCI Controller Driver version: 0.4
Jan  3 16:13:37 ip-172-31-26-115 kernel: Serial: 8250/16550 driver, 4 ports, IRQ sharing disabled
Jan  3 16:13:37 ip-172-31-26-115 kernel: 00:04: ttyS0 at I/O 0x3f8 (irq = 4, base_baud = 115200) is a 16550A
Jan  3 16:13:37 ip-172-31-26-115 kernel: AMD-Vi: AMD IOMMUv2 functionality not available on this system - This is not a bug.
Jan  3 16:13:37 ip-172-31-26-115 kernel: nvme nvme0: pci function 0000:00:04.0
Jan  3 16:13:37 ip-172-31-26-115 kernel: rtc_cmos 00:00: RTC can wake from S4
Jan  3 16:13:37 ip-172-31-26-115 kernel: ACPI: \_SB_.LNKD: Enabled at IRQ 11
Jan  3 16:13:37 ip-172-31-26-115 kernel: rtc_cmos 00:00: registered as rtc0
Jan  3 16:13:37 ip-172-31-26-115 kernel: rtc_cmos 00:00: setting system clock to 2026-01-03T16:13:37 UTC (1767456817)
Jan  3 16:13:37 ip-172-31-26-115 kernel: rtc_cmos 00:00: alarms up to one day, 114 bytes nvram
Jan  3 16:13:37 ip-172-31-26-115 kernel: intel_pstate: CPU model not supported
Jan  3 16:13:37 ip-172-31-26-115 kernel: pstore: Registered efi as persistent store backend
Jan  3 16:13:37 ip-172-31-26-115 kernel: hid: raw HID events driver (C) Jiri Kosina
Jan  3 16:13:37 ip-172-31-26-115 kernel: NET: Registered PF_INET6 protocol family
Jan  3 16:13:37 ip-172-31-26-115 kernel: nvme nvme0: 2/0/0 default/read/poll queues
Jan  3 16:13:37 ip-172-31-26-115 kernel: nvme0n1: p1 p127 p128
Jan  3 16:13:37 ip-172-31-26-115 kernel: Freeing initrd memory: 20016K
Jan  3 16:13:37 ip-172-31-26-115 kernel: Segment Routing with IPv6
Jan  3 16:13:37 ip-172-31-26-115 kernel: In-situ OAM (IOAM) with IPv6
Jan  3 16:13:37 ip-172-31-26-115 kernel: NET: Registered PF_PACKET protocol family
Jan  3 16:13:37 ip-172-31-26-115 kernel: IPI shorthand broadcast: enabled
Jan  3 16:13:37 ip-172-31-26-115 kernel: AVX2 version of gcm_enc/dec engaged.
Jan  3 16:13:37 ip-172-31-26-115 kernel: AES CTR mode by8 optimization enabled
Jan  3 16:13:37 ip-172-31-26-115 kernel: sched_clock: Marking stable (236797465, 2976440)->(264489228, -24715323)
Jan  3 16:13:37 ip-172-31-26-115 kernel: registered taskstats version 1
Jan  3 16:13:37 ip-172-31-26-115 kernel: Loading compiled-in X.509 certificates
Jan  3 16:13:37 ip-172-31-26-115 kernel: Loaded X.509 cert 'Amazon.com: Amazon Linux Kernel Signing Key: 22c1d769106d7330419339655f0f6f2c261e1257'
Jan  3 16:13:37 ip-172-31-26-115 kernel: zswap: loaded using pool lzo/zbud
Jan  3 16:13:37 ip-172-31-26-115 kernel: Key type .fscrypt registered
Jan  3 16:13:37 ip-172-31-26-115 kernel: Key type fscrypt-provisioning registered
Jan  3 16:13:37 ip-172-31-26-115 kernel: pstore: Using crash dump compression: deflate
Jan  3 16:13:37 ip-172-31-26-115 kernel: ima: No TPM chip found, activating TPM-bypass!
Jan  3 16:13:37 ip-172-31-26-115 kernel: ima: Allocated hash algorithm: sha256
Jan  3 16:13:37 ip-172-31-26-115 kernel: ima: No architecture policies found
Jan  3 16:13:37 ip-172-31-26-115 kernel: clk: Disabling unused clocks
Jan  3 16:13:37 ip-172-31-26-115 kernel: Freeing unused decrypted memory: 2036K
Jan  3 16:13:37 ip-172-31-26-115 kernel: Freeing unused kernel image (initmem) memory: 2452K
Jan  3 16:13:37 ip-172-31-26-115 kernel: Write protecting the kernel read-only data: 26624k
Jan  3 16:13:37 ip-172-31-26-115 kernel: Freeing unused kernel image (text/rodata gap) memory: 2036K
Jan  3 16:13:37 ip-172-31-26-115 kernel: Freeing unused kernel image (rodata/data gap) memory: 1328K
Jan  3 16:13:37 ip-172-31-26-115 kernel: Run /init as init process
Jan  3 16:13:37 ip-172-31-26-115 systemd[1]: systemd 252.23-10.amzn2023 running in system mode (+PAM +AUDIT +SELINUX -APPARMOR +IMA +SMACK +SECCOMP -GCRYPT -GNUTLS +OPENSSL +ACL +BLKID +CURL +ELFUTILS +FIDO2 +IDN2 -IDN -IPTC +KMOD +LIBCRYPTSETUP +LIBFDISK +PCRE2 +PWQUALITY +P11KIT +QRENCODE +TPM2 -BZIP2 -LZ4 +XZ +ZLIB -ZSTD +BPF_FRAMEWORK +XKBCOMMON +UTMP +SYSVINIT default-hierarchy=unified)
Jan  3 16:13:37 ip-172-31-26-115 systemd[1]: Detected virtualization amazon.
Jan  3 16:13:37 ip-172-31-26-115 systemd[1]: Detected architecture x86-64.
Jan  3 16:13:37 ip-172-31-26-115 systemd[1]: Running in initrd.
Jan  3 16:13:37 ip-172-31-26-115 systemd[1]: No hostname configured, using default hostname.
Jan  3 16:13:37 ip-172-31-26-115 systemd[1]: Hostname set to <localhost>.
Jan  3 16:13:37 ip-172-31-26-115 systemd[1]: Initializing machine ID from VM UUID.
Jan  3 16:13:37 ip-172-31-26-115 systemd[1]: Queued start job for default target initrd.target.
Jan  3 16:13:37 ip-172-31-26-115 systemd[1]: Started systemd-ask-password-console.path - Dispatch Password Requests to Console Directory Watch.
Jan  3 16:13:37 ip-172-31-26-115 systemd[1]: Expecting device dev-disk-by\x2duuid-170fd7a4\x2df127\x2d46eb\x2da3be\x2d8b380dc8d94a.device - /dev/disk/by-uuid/170fd7a4-f127-46eb-a3be-8b380dc8d94a...
Jan  3 16:13:37 ip-172-31-26-115 systemd[1]: Reached target initrd-usr-fs.target - Initrd /usr File System.
Jan  3 16:13:37 ip-172-31-26-115 systemd[1]: Reached target local-fs.target - Local File Systems.
Jan  3 16:13:37 ip-172-31-26-115 systemd[1]: Reached target paths.target - Path Units.
Jan  3 16:13:37 ip-172-31-26-115 systemd[1]: Reached target slices.target - Slice Units.
Jan  3 16:13:37 ip-172-31-26-115 systemd[1]: Reached target swap.target - Swaps.
Jan  3 16:13:37 ip-172-31-26-115 systemd[1]: Reached target timers.target - Timer Units.
Jan  3 16:13:37 ip-172-31-26-115 systemd[1]: Listening on systemd-journald-audit.socket - Journal Audit Socket.
Jan  3 16:13:37 ip-172-31-26-115 systemd[1]: Listening on systemd-journald-dev-log.socket - Journal Socket (/dev/log).
Jan  3 16:13:37 ip-172-31-26-115 systemd[1]: Listening on systemd-journald.socket - Journal Socket.
Jan  3 16:13:37 ip-172-31-26-115 systemd[1]: Listening on systemd-udevd-control.socket - udev Control Socket.
Jan  3 16:13:37 ip-172-31-26-115 systemd[1]: Listening on systemd-udevd-kernel.socket - udev Kernel Socket.
Jan  3 16:13:37 ip-172-31-26-115 systemd[1]: Reached target sockets.target - Socket Units.
Jan  3 16:13:37 ip-172-31-26-115 systemd[1]: kmod-static-nodes.service - Create List of Static Device Nodes was skipped because of an unmet condition check (ConditionFileNotEmpty=/lib/modules/6.1.158-180.294.amzn2023.x86_64/modules.devname).
Jan  3 16:13:37 ip-172-31-26-115 systemd[1]: Starting systemd-journald.service - Journal Service...
Jan  3 16:13:37 ip-172-31-26-115 systemd[1]: systemd-modules-load.service - Load Kernel Modules was skipped because no trigger condition checks were met.
Jan  3 16:13:37 ip-172-31-26-115 systemd[1]: Starting systemd-sysctl.service - Apply Kernel Variables...
Jan  3 16:13:37 ip-172-31-26-115 systemd[1]: Starting systemd-sysusers.service - Create System Users...
Jan  3 16:13:37 ip-172-31-26-115 systemd[1]: Starting systemd-vconsole-setup.service - Setup Virtual Console...
Jan  3 16:13:37 ip-172-31-26-115 systemd[1]: Finished systemd-vconsole-setup.service - Setup Virtual Console.
Jan  3 16:13:37 ip-172-31-26-115 systemd[1]: dracut-cmdline-ask.service - dracut ask for additional cmdline parameters was skipped because no trigger condition checks were met.
Jan  3 16:13:37 ip-172-31-26-115 systemd[1]: Starting dracut-cmdline.service - dracut cmdline hook...
Jan  3 16:13:37 ip-172-31-26-115 systemd[1]: Finished systemd-sysusers.service - Create System Users.
Jan  3 16:13:37 ip-172-31-26-115 systemd[1]: Starting systemd-tmpfiles-setup-dev.service - Create Static Device Nodes in /dev...
Jan  3 16:13:37 ip-172-31-26-115 kernel: audit: type=1130 audit(1767456817.910:2): pid=1 uid=0 auid=4294967295 ses=4294967295 subj=kernel msg='unit=systemd-sysusers comm="systemd" exe="/usr/lib/systemd/systemd" hostname=? addr=? terminal=? res=success'
Jan  3 16:13:37 ip-172-31-26-115 systemd-journald[342]: Journal started
Jan  3 16:13:37 ip-172-31-26-115 systemd-journald[342]: Runtime Journal (/run/log/journal/ec201bf8229970926417c28a97e57027) is 4.7M, max 38.2M, 33.4M free.
Jan  3 16:13:37 ip-172-31-26-115 audit[1]: SERVICE_START pid=1 uid=0 auid=4294967295 ses=4294967295 subj=kernel msg='unit=systemd-sysusers comm="systemd" exe="/usr/lib/systemd/systemd" hostname=? addr=? terminal=? res=success'
Jan  3 16:13:37 ip-172-31-26-115 systemd-sysusers[344]: Creating group 'nobody' with GID 65534.
Jan  3 16:13:37 ip-172-31-26-115 systemd-sysusers[344]: Creating group 'users' with GID 100.
Jan  3 16:13:37 ip-172-31-26-115 systemd-sysusers[344]: Creating group 'systemd-journal' with GID 190.
Jan  3 16:13:37 ip-172-31-26-115 audit[1]: SERVICE_START pid=1 uid=0 auid=4294967295 ses=4294967295 subj=kernel msg='unit=systemd-journald comm="systemd" exe="/usr/lib/systemd/systemd" hostname=? addr=? terminal=? res=success'
Jan  3 16:13:37 ip-172-31-26-115 audit[1]: SERVICE_START pid=1 uid=0 auid=4294967295 ses=4294967295 subj=kernel msg='unit=systemd-sysctl comm="systemd" exe="/usr/lib/systemd/systemd" hostname=? addr=? terminal=? res=success'
Jan  3 16:13:37 ip-172-31-26-115 systemd[1]: Finished systemd-sysctl.service - Apply Kernel Variables.
Jan  3 16:13:37 ip-172-31-26-115 systemd[1]: Finished systemd-tmpfiles-setup-dev.service - Create Static Device Nodes in /dev.
Jan  3 16:13:37 ip-172-31-26-115 audit[1]: SERVICE_START pid=1 uid=0 auid=4294967295 ses=4294967295 subj=kernel msg='unit=systemd-tmpfiles-setup-dev comm="systemd" exe="/usr/lib/systemd/systemd" hostname=? addr=? terminal=? res=success'
Jan  3 16:13:37 ip-172-31-26-115 systemd[1]: Starting systemd-tmpfiles-setup.service - Create Volatile Files and Directories...
Jan  3 16:13:37 ip-172-31-26-115 dracut-cmdline[346]: dracut-102-3.amzn2023.0.1
Jan  3 16:13:37 ip-172-31-26-115 systemd[1]: Started systemd-journald.service - Journal Service.
Jan  3 16:13:37 ip-172-31-26-115 kernel: audit: type=1130 audit(1767456817.920:3): pid=1 uid=0 auid=4294967295 ses=4294967295 subj=kernel msg='unit=systemd-journald comm="systemd" exe="/usr/lib/systemd/systemd" hostname=? addr=? terminal=? res=success'
Jan  3 16:13:37 ip-172-31-26-115 kernel: audit: type=1130 audit(1767456817.920:4): pid=1 uid=0 auid=4294967295 ses=4294967295 subj=kernel msg='unit=systemd-sysctl comm="systemd" exe="/usr/lib/systemd/systemd" hostname=? addr=? terminal=? res=success'
Jan  3 16:13:37 ip-172-31-26-115 kernel: audit: type=1130 audit(1767456817.920:5): pid=1 uid=0 auid=4294967295 ses=4294967295 subj=kernel msg='unit=systemd-tmpfiles-setup-dev comm="systemd" exe="/usr/lib/systemd/systemd" hostname=? addr=? terminal=? res=success'
Jan  3 16:13:37 ip-172-31-26-115 dracut-cmdline[346]: Using kernel command line parameters:    BOOT_IMAGE=(hd0,gpt1)/boot/vmlinuz-6.1.158-180.294.amzn2023.x86_64 root=UUID=170fd7a4-f127-46eb-a3be-8b380dc8d94a ro console=tty0 console=ttyS0,115200n8 nvme_core.io_timeout=4294967295 rd.emergency=poweroff rd.shell=0 selinux=1 security=selinux quiet
Jan  3 16:13:37 ip-172-31-26-115 systemd-tmpfiles[361]: /usr/lib/tmpfiles.d/var.conf:14: Duplicate line for path "/var/log", ignoring.
Jan  3 16:13:37 ip-172-31-26-115 systemd[1]: Finished systemd-tmpfiles-setup.service - Create Volatile Files and Directories.
Jan  3 16:13:37 ip-172-31-26-115 audit[1]: SERVICE_START pid=1 uid=0 auid=4294967295 ses=4294967295 subj=kernel msg='unit=systemd-tmpfiles-setup comm="systemd" exe="/usr/lib/systemd/systemd" hostname=? addr=? terminal=? res=success'
Jan  3 16:13:37 ip-172-31-26-115 kernel: audit: type=1130 audit(1767456817.940:6): pid=1 uid=0 auid=4294967295 ses=4294967295 subj=kernel msg='unit=systemd-tmpfiles-setup comm="systemd" exe="/usr/lib/systemd/systemd" hostname=? addr=? terminal=? res=success'
Jan  3 16:13:37 ip-172-31-26-115 systemd[1]: Finished dracut-cmdline.service - dracut cmdline hook.
Jan  3 16:13:37 ip-172-31-26-115 audit[1]: SERVICE_START pid=1 uid=0 auid=4294967295 ses=4294967295 subj=kernel msg='unit=dracut-cmdline comm="systemd" exe="/usr/lib/systemd/systemd" hostname=? addr=? terminal=? res=success'
Jan  3 16:13:37 ip-172-31-26-115 systemd[1]: dracut-pre-udev.service - dracut pre-udev hook was skipped because no trigger condition checks were met.
Jan  3 16:13:37 ip-172-31-26-115 audit: BPF prog-id=6 op=LOAD
Jan  3 16:13:37 ip-172-31-26-115 audit: BPF prog-id=7 op=LOAD
Jan  3 16:13:37 ip-172-31-26-115 systemd[1]: Starting systemd-udevd.service - Rule-based Manager for Device Events and Files...
Jan  3 16:13:37 ip-172-31-26-115 kernel: audit: type=1130 audit(1767456817.960:7): pid=1 uid=0 auid=4294967295 ses=4294967295 subj=kernel msg='unit=dracut-cmdline comm="systemd" exe="/usr/lib/systemd/systemd" hostname=? addr=? terminal=? res=success'
Jan  3 16:13:37 ip-172-31-26-115 kernel: audit: type=1334 audit(1767456817.960:8): prog-id=6 op=LOAD
Jan  3 16:13:37 ip-172-31-26-115 kernel: audit: type=1334 audit(1767456817.960:9): prog-id=7 op=LOAD
Jan  3 16:13:37 ip-172-31-26-115 systemd-udevd[406]: Using default interface naming scheme 'v252'.
Jan  3 16:13:37 ip-172-31-26-115 systemd[1]: Started systemd-udevd.service - Rule-based Manager for Device Events and Files.
Jan  3 16:13:37 ip-172-31-26-115 audit[1]: SERVICE_START pid=1 uid=0 auid=4294967295 ses=4294967295 subj=kernel msg='unit=systemd-udevd comm="systemd" exe="/usr/lib/systemd/systemd" hostname=? addr=? terminal=? res=success'
Jan  3 16:13:37 ip-172-31-26-115 systemd[1]: Starting dracut-pre-trigger.service - dracut pre-trigger hook...
Jan  3 16:13:37 ip-172-31-26-115 kernel: audit: type=1130 audit(1767456817.980:10): pid=1 uid=0 auid=4294967295 ses=4294967295 subj=kernel msg='unit=systemd-udevd comm="systemd" exe="/usr/lib/systemd/systemd" hostname=? addr=? terminal=? res=success'
Jan  3 16:13:38 ip-172-31-26-115 audit[1]: SERVICE_START pid=1 uid=0 auid=4294967295 ses=4294967295 subj=kernel msg='unit=dracut-pre-trigger comm="systemd" exe="/usr/lib/systemd/systemd" hostname=? addr=? terminal=? res=success'
Jan  3 16:13:38 ip-172-31-26-115 systemd[1]: Finished dracut-pre-trigger.service - dracut pre-trigger hook.
Jan  3 16:13:38 ip-172-31-26-115 systemd[1]: Starting systemd-udev-trigger.service - Coldplug All udev Devices...
Jan  3 16:13:38 ip-172-31-26-115 audit[1]: SERVICE_START pid=1 uid=0 auid=4294967295 ses=4294967295 subj=kernel msg='unit=systemd-udev-trigger comm="systemd" exe="/usr/lib/systemd/systemd" hostname=? addr=? terminal=? res=success'
Jan  3 16:13:38 ip-172-31-26-115 systemd[1]: Finished systemd-udev-trigger.service - Coldplug All udev Devices.
Jan  3 16:13:38 ip-172-31-26-115 systemd[1]: Reached target sysinit.target - System Initialization.
Jan  3 16:13:38 ip-172-31-26-115 systemd[1]: Reached target basic.target - Basic System.
Jan  3 16:13:38 ip-172-31-26-115 systemd[1]: dracut-initqueue.service - dracut initqueue hook was skipped because no trigger condition checks were met.
Jan  3 16:13:38 ip-172-31-26-115 systemd[1]: Reached target remote-fs-pre.target - Preparation for Remote File Systems.
Jan  3 16:13:38 ip-172-31-26-115 systemd[1]: Reached target remote-fs.target - Remote File Systems.
Jan  3 16:13:38 ip-172-31-26-115 systemd[1]: dracut-pre-mount.service - dracut pre-mount hook was skipped because no trigger condition checks were met.
Jan  3 16:13:38 ip-172-31-26-115 audit[1]: SERVICE_START pid=1 uid=0 auid=4294967295 ses=4294967295 subj=kernel msg='unit=rngd comm="systemd" exe="/usr/lib/systemd/systemd" hostname=? addr=? terminal=? res=success'
Jan  3 16:13:38 ip-172-31-26-115 systemd[1]: Started rngd.service - Hardware RNG Entropy Gatherer Daemon.
Jan  3 16:13:38 ip-172-31-26-115 rngd[775]: Disabling 7: PKCS11 Entropy generator (pkcs11)
Jan  3 16:13:38 ip-172-31-26-115 rngd[775]: Disabling 5: NIST Network Entropy Beacon (nist)
Jan  3 16:13:38 ip-172-31-26-115 rngd[775]: Initializing available sources
Jan  3 16:13:38 ip-172-31-26-115 rngd[775]: [hwrng ]: Initialization Failed
Jan  3 16:13:38 ip-172-31-26-115 rngd[775]: [rdrand]: Enabling RDSEED rng support
Jan  3 16:13:38 ip-172-31-26-115 rngd[775]: [rdrand]: Initialized
Jan  3 16:13:38 ip-172-31-26-115 rngd[775]: [jitter]: Initializing AES buffer
Jan  3 16:13:38 ip-172-31-26-115 systemd[1]: Found device dev-disk-by\x2duuid-170fd7a4\x2df127\x2d46eb\x2da3be\x2d8b380dc8d94a.device - Amazon Elastic Block Store /.
Jan  3 16:13:38 ip-172-31-26-115 systemd[1]: Reached target initrd-root-device.target - Initrd Root Device.
Jan  3 16:13:38 ip-172-31-26-115 systemd[1]: Mounting sysroot.mount - /sysroot...
Jan  3 16:13:38 ip-172-31-26-115 kernel: XFS (nvme0n1p1): Mounting V5 Filesystem
Jan  3 16:13:38 ip-172-31-26-115 systemd[1]: Mounted sysroot.mount - /sysroot.
Jan  3 16:13:38 ip-172-31-26-115 systemd[1]: Reached target initrd-root-fs.target - Initrd Root File System.
Jan  3 16:13:38 ip-172-31-26-115 kernel: XFS (nvme0n1p1): Ending clean mount
Jan  3 16:13:38 ip-172-31-26-115 systemd[1]: Starting initrd-parse-etc.service - Mountpoints Configured in the Real Root...
Jan  3 16:13:38 ip-172-31-26-115 systemd[1]: initrd-parse-etc.service: Deactivated successfully.
Jan  3 16:13:38 ip-172-31-26-115 systemd[1]: Finished initrd-parse-etc.service - Mountpoints Configured in the Real Root.
Jan  3 16:13:38 ip-172-31-26-115 audit[1]: SERVICE_START pid=1 uid=0 auid=4294967295 ses=4294967295 subj=kernel msg='unit=initrd-parse-etc comm="systemd" exe="/usr/lib/systemd/systemd" hostname=? addr=? terminal=? res=success'
Jan  3 16:13:38 ip-172-31-26-115 audit[1]: SERVICE_STOP pid=1 uid=0 auid=4294967295 ses=4294967295 subj=kernel msg='unit=initrd-parse-etc comm="systemd" exe="/usr/lib/systemd/systemd" hostname=? addr=? terminal=? res=success'
Jan  3 16:13:38 ip-172-31-26-115 systemd[1]: Reached target initrd-fs.target - Initrd File Systems.
Jan  3 16:13:38 ip-172-31-26-115 systemd[1]: Reached target initrd.target - Initrd Default Target.
Jan  3 16:13:38 ip-172-31-26-115 systemd[1]: dracut-mount.service - dracut mount hook was skipped because no trigger condition checks were met.
Jan  3 16:13:38 ip-172-31-26-115 systemd[1]: dracut-pre-pivot.service - dracut pre-pivot and cleanup hook was skipped because no trigger condition checks were met.
Jan  3 16:13:38 ip-172-31-26-115 systemd[1]: Starting initrd-cleanup.service - Cleaning Up and Shutting Down Daemons...
Jan  3 16:13:38 ip-172-31-26-115 systemd[1]: Stopped target initrd.target - Initrd Default Target.
Jan  3 16:13:38 ip-172-31-26-115 systemd[1]: Stopped target initrd-root-device.target - Initrd Root Device.
Jan  3 16:13:38 ip-172-31-26-115 systemd[1]: Stopped target initrd-usr-fs.target - Initrd /usr File System.
Jan  3 16:13:38 ip-172-31-26-115 systemd[1]: Stopped target remote-fs.target - Remote File Systems.
Jan  3 16:13:38 ip-172-31-26-115 systemd[1]: Stopped target remote-fs-pre.target - Preparation for Remote File Systems.
Jan  3 16:13:38 ip-172-31-26-115 systemd[1]: Stopped target timers.target - Timer Units.
Jan  3 16:13:38 ip-172-31-26-115 systemd[1]: dracut-cmdline.service: Deactivated successfully.
Jan  3 16:13:38 ip-172-31-26-115 systemd[1]: Stopped dracut-cmdline.service - dracut cmdline hook.
Jan  3 16:13:38 ip-172-31-26-115 audit[1]: SERVICE_STOP pid=1 uid=0 auid=4294967295 ses=4294967295 subj=kernel msg='unit=dracut-cmdline comm="systemd" exe="/usr/lib/systemd/systemd" hostname=? addr=? terminal=? res=success'
Jan  3 16:13:38 ip-172-31-26-115 systemd[1]: Stopping rngd.service - Hardware RNG Entropy Gatherer Daemon...
Jan  3 16:13:38 ip-172-31-26-115 systemd[1]: systemd-vconsole-setup.service: Deactivated successfully.
Jan  3 16:13:38 ip-172-31-26-115 systemd[1]: Stopped systemd-vconsole-setup.service - Setup Virtual Console.
Jan  3 16:13:38 ip-172-31-26-115 audit[1]: SERVICE_STOP pid=1 uid=0 auid=4294967295 ses=4294967295 subj=kernel msg='unit=systemd-vconsole-setup comm="systemd" exe="/usr/lib/systemd/systemd" hostname=? addr=? terminal=? res=success'
Jan  3 16:13:38 ip-172-31-26-115 systemd[1]: rngd.service: Deactivated successfully.
Jan  3 16:13:38 ip-172-31-26-115 systemd[1]: Stopped rngd.service - Hardware RNG Entropy Gatherer Daemon.
Jan  3 16:13:38 ip-172-31-26-115 audit[1]: SERVICE_STOP pid=1 uid=0 auid=4294967295 ses=4294967295 subj=kernel msg='unit=rngd comm="systemd" exe="/usr/lib/systemd/systemd" hostname=? addr=? terminal=? res=success'
Jan  3 16:13:38 ip-172-31-26-115 systemd[1]: Stopped target basic.target - Basic System.
Jan  3 16:13:38 ip-172-31-26-115 systemd[1]: Stopped target paths.target - Path Units.
Jan  3 16:13:38 ip-172-31-26-115 systemd[1]: systemd-ask-password-console.path: Deactivated successfully.
Jan  3 16:13:38 ip-172-31-26-115 systemd[1]: Stopped systemd-ask-password-console.path - Dispatch Password Requests to Console Directory Watch.
Jan  3 16:13:38 ip-172-31-26-115 systemd[1]: Stopped target slices.target - Slice Units.
Jan  3 16:13:38 ip-172-31-26-115 systemd[1]: Stopped target sockets.target - Socket Units.
Jan  3 16:13:38 ip-172-31-26-115 systemd[1]: Stopped target sysinit.target - System Initialization.
Jan  3 16:13:38 ip-172-31-26-115 systemd[1]: Stopped target swap.target - Swaps.
Jan  3 16:13:38 ip-172-31-26-115 systemd[1]: systemd-sysctl.service: Deactivated successfully.
Jan  3 16:13:38 ip-172-31-26-115 systemd[1]: Stopped systemd-sysctl.service - Apply Kernel Variables.
Jan  3 16:13:38 ip-172-31-26-115 audit[1]: SERVICE_STOP pid=1 uid=0 auid=4294967295 ses=4294967295 subj=kernel msg='unit=systemd-sysctl comm="systemd" exe="/usr/lib/systemd/systemd" hostname=? addr=? terminal=? res=success'
Jan  3 16:13:38 ip-172-31-26-115 systemd[1]: systemd-tmpfiles-setup.service: Deactivated successfully.
Jan  3 16:13:38 ip-172-31-26-115 systemd[1]: Stopped systemd-tmpfiles-setup.service - Create Volatile Files and Directories.
Jan  3 16:13:38 ip-172-31-26-115 audit[1]: SERVICE_STOP pid=1 uid=0 auid=4294967295 ses=4294967295 subj=kernel msg='unit=systemd-tmpfiles-setup comm="systemd" exe="/usr/lib/systemd/systemd" hostname=? addr=? terminal=? res=success'
Jan  3 16:13:38 ip-172-31-26-115 systemd[1]: Stopped target local-fs.target - Local File Systems.
Jan  3 16:13:38 ip-172-31-26-115 systemd[1]: systemd-udev-trigger.service: Deactivated successfully.
Jan  3 16:13:38 ip-172-31-26-115 systemd[1]: Stopped systemd-udev-trigger.service - Coldplug All udev Devices.
Jan  3 16:13:38 ip-172-31-26-115 audit[1]: SERVICE_STOP pid=1 uid=0 auid=4294967295 ses=4294967295 subj=kernel msg='unit=systemd-udev-trigger comm="systemd" exe="/usr/lib/systemd/systemd" hostname=? addr=? terminal=? res=success'
Jan  3 16:13:38 ip-172-31-26-115 systemd[1]: dracut-pre-trigger.service: Deactivated successfully.
Jan  3 16:13:38 ip-172-31-26-115 systemd[1]: Stopped dracut-pre-trigger.service - dracut pre-trigger hook.
Jan  3 16:13:38 ip-172-31-26-115 audit[1]: SERVICE_STOP pid=1 uid=0 auid=4294967295 ses=4294967295 subj=kernel msg='unit=dracut-pre-trigger comm="systemd" exe="/usr/lib/systemd/systemd" hostname=? addr=? terminal=? res=success'
Jan  3 16:13:38 ip-172-31-26-115 systemd[1]: Stopping systemd-udevd.service - Rule-based Manager for Device Events and Files...
Jan  3 16:13:38 ip-172-31-26-115 systemd[1]: run-credentials-systemd\x2dtmpfiles\x2dsetup.service.mount: Deactivated successfully.
Jan  3 16:13:38 ip-172-31-26-115 systemd[1]: run-credentials-systemd\x2dsysctl.service.mount: Deactivated successfully.
Jan  3 16:13:38 ip-172-31-26-115 systemd[1]: initrd-cleanup.service: Deactivated successfully.
Jan  3 16:13:38 ip-172-31-26-115 systemd[1]: Finished initrd-cleanup.service - Cleaning Up and Shutting Down Daemons.
Jan  3 16:13:38 ip-172-31-26-115 audit[1]: SERVICE_START pid=1 uid=0 auid=4294967295 ses=4294967295 subj=kernel msg='unit=initrd-cleanup comm="systemd" exe="/usr/lib/systemd/systemd" hostname=? addr=? terminal=? res=success'
Jan  3 16:13:38 ip-172-31-26-115 audit[1]: SERVICE_STOP pid=1 uid=0 auid=4294967295 ses=4294967295 subj=kernel msg='unit=initrd-cleanup comm="systemd" exe="/usr/lib/systemd/systemd" hostname=? addr=? terminal=? res=success'
Jan  3 16:13:38 ip-172-31-26-115 systemd[1]: systemd-udevd.service: Deactivated successfully.
Jan  3 16:13:38 ip-172-31-26-115 systemd[1]: Stopped systemd-udevd.service - Rule-based Manager for Device Events and Files.
Jan  3 16:13:38 ip-172-31-26-115 audit[1]: SERVICE_STOP pid=1 uid=0 auid=4294967295 ses=4294967295 subj=kernel msg='unit=systemd-udevd comm="systemd" exe="/usr/lib/systemd/systemd" hostname=? addr=? terminal=? res=success'
Jan  3 16:13:38 ip-172-31-26-115 systemd[1]: systemd-udevd-control.socket: Deactivated successfully.
Jan  3 16:13:38 ip-172-31-26-115 systemd[1]: Closed systemd-udevd-control.socket - udev Control Socket.
Jan  3 16:13:38 ip-172-31-26-115 systemd[1]: systemd-udevd-kernel.socket: Deactivated successfully.
Jan  3 16:13:38 ip-172-31-26-115 systemd[1]: Closed systemd-udevd-kernel.socket - udev Kernel Socket.
Jan  3 16:13:38 ip-172-31-26-115 audit[1]: SERVICE_STOP pid=1 uid=0 auid=4294967295 ses=4294967295 subj=kernel msg='unit=systemd-tmpfiles-setup-dev comm="systemd" exe="/usr/lib/systemd/systemd" hostname=? addr=? terminal=? res=success'
Jan  3 16:13:38 ip-172-31-26-115 systemd[1]: Starting initrd-udevadm-cleanup-db.service - Cleanup udev Database...
Jan  3 16:13:38 ip-172-31-26-115 systemd[1]: systemd-tmpfiles-setup-dev.service: Deactivated successfully.
Jan  3 16:13:38 ip-172-31-26-115 systemd[1]: Stopped systemd-tmpfiles-setup-dev.service - Create Static Device Nodes in /dev.
Jan  3 16:13:38 ip-172-31-26-115 audit[1]: SERVICE_STOP pid=1 uid=0 auid=4294967295 ses=4294967295 subj=kernel msg='unit=systemd-sysusers comm="systemd" exe="/usr/lib/systemd/systemd" hostname=? addr=? terminal=? res=success'
Jan  3 16:13:38 ip-172-31-26-115 systemd[1]: systemd-sysusers.service: Deactivated successfully.
Jan  3 16:13:38 ip-172-31-26-115 systemd[1]: Stopped systemd-sysusers.service - Create System Users.
Jan  3 16:13:38 ip-172-31-26-115 systemd[1]: run-credentials-systemd\x2dtmpfiles\x2dsetup\x2ddev.service.mount: Deactivated successfully.
Jan  3 16:13:38 ip-172-31-26-115 systemd[1]: run-credentials-systemd\x2dsysusers.service.mount: Deactivated successfully.
Jan  3 16:13:38 ip-172-31-26-115 systemd[1]: initrd-udevadm-cleanup-db.service: Deactivated successfully.
Jan  3 16:13:38 ip-172-31-26-115 systemd[1]: Finished initrd-udevadm-cleanup-db.service - Cleanup udev Database.
Jan  3 16:13:38 ip-172-31-26-115 audit[1]: SERVICE_START pid=1 uid=0 auid=4294967295 ses=4294967295 subj=kernel msg='unit=initrd-udevadm-cleanup-db comm="systemd" exe="/usr/lib/systemd/systemd" hostname=? addr=? terminal=? res=success'
Jan  3 16:13:38 ip-172-31-26-115 audit[1]: SERVICE_STOP pid=1 uid=0 auid=4294967295 ses=4294967295 subj=kernel msg='unit=initrd-udevadm-cleanup-db comm="systemd" exe="/usr/lib/systemd/systemd" hostname=? addr=? terminal=? res=success'
Jan  3 16:13:38 ip-172-31-26-115 systemd[1]: Reached target initrd-switch-root.target - Switch Root.
Jan  3 16:13:38 ip-172-31-26-115 systemd[1]: Starting initrd-switch-root.service - Switch Root...
Jan  3 16:13:38 ip-172-31-26-115 systemd[1]: Switching root.
Jan  3 16:13:38 ip-172-31-26-115 systemd-journald[342]: Journal stopped
Jan  3 16:13:39 ip-172-31-26-115 systemd-journald[342]: Received SIGTERM from PID 1 (systemd).
Jan  3 16:13:39 ip-172-31-26-115 kernel: SELinux:  Class user_namespace not defined in policy.
Jan  3 16:13:39 ip-172-31-26-115 kernel: SELinux: the above unknown classes and permissions will be allowed
Jan  3 16:13:39 ip-172-31-26-115 kernel: SELinux:  policy capability network_peer_controls=1
Jan  3 16:13:39 ip-172-31-26-115 kernel: SELinux:  policy capability open_perms=1
Jan  3 16:13:39 ip-172-31-26-115 kernel: SELinux:  policy capability extended_socket_class=1
Jan  3 16:13:39 ip-172-31-26-115 kernel: SELinux:  policy capability always_check_network=0
Jan  3 16:13:39 ip-172-31-26-115 kernel: SELinux:  policy capability cgroup_seclabel=1
Jan  3 16:13:39 ip-172-31-26-115 kernel: SELinux:  policy capability nnp_nosuid_transition=1
Jan  3 16:13:39 ip-172-31-26-115 kernel: SELinux:  policy capability genfs_seclabel_symlinks=1
Jan  3 16:13:39 ip-172-31-26-115 kernel: SELinux:  policy capability ioctl_skip_cloexec=0
Jan  3 16:13:39 ip-172-31-26-115 systemd[1]: Successfully loaded SELinux policy in 146.805ms.
Jan  3 16:13:39 ip-172-31-26-115 systemd[1]: Relabelled /dev, /dev/shm, /run, /sys/fs/cgroup in 20.743ms.
Jan  3 16:13:39 ip-172-31-26-115 systemd[1]: systemd 252.23-10.amzn2023 running in system mode (+PAM +AUDIT +SELINUX -APPARMOR +IMA +SMACK +SECCOMP -GCRYPT -GNUTLS +OPENSSL +ACL +BLKID +CURL +ELFUTILS +FIDO2 +IDN2 -IDN -IPTC +KMOD +LIBCRYPTSETUP +LIBFDISK +PCRE2 +PWQUALITY +P11KIT +QRENCODE +TPM2 -BZIP2 -LZ4 +XZ +ZLIB -ZSTD +BPF_FRAMEWORK +XKBCOMMON +UTMP +SYSVINIT default-hierarchy=unified)
Jan  3 16:13:39 ip-172-31-26-115 systemd[1]: Detected virtualization amazon.
Jan  3 16:13:39 ip-172-31-26-115 systemd[1]: Detected architecture x86-64.
Jan  3 16:13:39 ip-172-31-26-115 systemd[1]: Hostname set to <ip-172-31-26-115.ec2.internal>.
Jan  3 16:13:39 ip-172-31-26-115 systemd[1]: bpf-lsm: LSM BPF program attached
Jan  3 16:13:39 ip-172-31-26-115 zram_generator::config[819]: zram0: system has too much memory (1913MB), limit is 800MB, ignoring.
Jan  3 16:13:39 ip-172-31-26-115 systemd[1]: /usr/lib/systemd/system/acpid.socket:6: ListenStream= references a path below legacy directory /var/run/, updating /var/run/acpid.socket → /run/acpid.socket; please update the unit file accordingly.
Jan  3 16:13:39 ip-172-31-26-115 systemd[1]: initrd-switch-root.service: Deactivated successfully.
Jan  3 16:13:39 ip-172-31-26-115 systemd[1]: Stopped initrd-switch-root.service - Switch Root.
Jan  3 16:13:39 ip-172-31-26-115 systemd[1]: systemd-journald.service: Scheduled restart job, restart counter is at 1.
Jan  3 16:13:39 ip-172-31-26-115 systemd[1]: Created slice system-getty.slice - Slice /system/getty.
Jan  3 16:13:39 ip-172-31-26-115 systemd[1]: Created slice system-modprobe.slice - Slice /system/modprobe.
Jan  3 16:13:39 ip-172-31-26-115 systemd[1]: Created slice system-serial\x2dgetty.slice - Slice /system/serial-getty.
Jan  3 16:13:39 ip-172-31-26-115 systemd[1]: Created slice system-sshd\x2dkeygen.slice - Slice /system/sshd-keygen.
Jan  3 16:13:39 ip-172-31-26-115 systemd[1]: Created slice user.slice - User and Session Slice.
Jan  3 16:13:39 ip-172-31-26-115 systemd[1]: Started systemd-ask-password-console.path - Dispatch Password Requests to Console Directory Watch.
Jan  3 16:13:39 ip-172-31-26-115 systemd[1]: Started systemd-ask-password-wall.path - Forward Password Requests to Wall Directory Watch.
Jan  3 16:13:39 ip-172-31-26-115 systemd[1]: Set up automount proc-sys-fs-binfmt_misc.automount - Arbitrary Executable File Formats File System Automount Point.
Jan  3 16:13:39 ip-172-31-26-115 systemd[1]: Expecting device dev-ttyS0.device - /dev/ttyS0...
Jan  3 16:13:39 ip-172-31-26-115 systemd[1]: Reached target aws-eb.target.
Jan  3 16:13:39 ip-172-31-26-115 systemd[1]: Reached target cryptsetup.target - Local Encrypted Volumes.
Jan  3 16:13:39 ip-172-31-26-115 systemd[1]: Stopped target initrd-switch-root.target - Switch Root.
Jan  3 16:13:39 ip-172-31-26-115 systemd[1]: Stopped target initrd-fs.target - Initrd File Systems.
Jan  3 16:13:39 ip-172-31-26-115 systemd[1]: Stopped target initrd-root-fs.target - Initrd Root File System.
Jan  3 16:13:39 ip-172-31-26-115 systemd[1]: Reached target integritysetup.target - Local Integrity Protected Volumes.
Jan  3 16:13:39 ip-172-31-26-115 systemd[1]: Reached target paths.target - Path Units.
Jan  3 16:13:39 ip-172-31-26-115 systemd[1]: Reached target slices.target - Slice Units.
Jan  3 16:13:39 ip-172-31-26-115 systemd[1]: Reached target swap.target - Swaps.
Jan  3 16:13:39 ip-172-31-26-115 systemd[1]: Reached target veritysetup.target - Local Verity Protected Volumes.
Jan  3 16:13:39 ip-172-31-26-115 systemd[1]: Listening on systemd-coredump.socket - Process Core Dump Socket.
Jan  3 16:13:39 ip-172-31-26-115 systemd[1]: Listening on systemd-initctl.socket - initctl Compatibility Named Pipe.
Jan  3 16:13:39 ip-172-31-26-115 systemd[1]: Listening on systemd-networkd.socket - Network Service Netlink Socket.
Jan  3 16:13:39 ip-172-31-26-115 systemd[1]: Listening on systemd-udevd-control.socket - udev Control Socket.
Jan  3 16:13:39 ip-172-31-26-115 systemd[1]: Listening on systemd-udevd-kernel.socket - udev Kernel Socket.
Jan  3 16:13:39 ip-172-31-26-115 systemd[1]: Listening on systemd-userdbd.socket - User Database Manager Socket.
Jan  3 16:13:39 ip-172-31-26-115 systemd[1]: Mounting dev-hugepages.mount - Huge Pages File System...
Jan  3 16:13:39 ip-172-31-26-115 systemd[1]: Mounting dev-mqueue.mount - POSIX Message Queue File System...
Jan  3 16:13:39 ip-172-31-26-115 systemd[1]: Mounting sys-kernel-debug.mount - Kernel Debug File System...
Jan  3 16:13:39 ip-172-31-26-115 systemd[1]: Mounting sys-kernel-tracing.mount - Kernel Trace File System...
Jan  3 16:13:39 ip-172-31-26-115 systemd[1]: Mounting tmp.mount - Temporary Directory /tmp...
Jan  3 16:13:39 ip-172-31-26-115 systemd[1]: auth-rpcgss-module.service - Kernel Module supporting RPCSEC_GSS was skipped because of an unmet condition check (ConditionPathExists=/etc/krb5.keytab).
Jan  3 16:13:39 ip-172-31-26-115 systemd[1]: Starting kmod-static-nodes.service - Create List of Static Device Nodes...
Jan  3 16:13:39 ip-172-31-26-115 systemd[1]: Starting modprobe@configfs.service - Load Kernel Module configfs...
Jan  3 16:13:39 ip-172-31-26-115 systemd[1]: Starting modprobe@dm_mod.service - Load Kernel Module dm_mod...
Jan  3 16:13:39 ip-172-31-26-115 systemd[1]: Starting modprobe@drm.service - Load Kernel Module drm...
Jan  3 16:13:39 ip-172-31-26-115 systemd[1]: Starting modprobe@efi_pstore.service - Load Kernel Module efi_pstore...
Jan  3 16:13:39 ip-172-31-26-115 systemd[1]: Starting modprobe@fuse.service - Load Kernel Module fuse...
Jan  3 16:13:39 ip-172-31-26-115 systemd[1]: Starting modprobe@loop.service - Load Kernel Module loop...
Jan  3 16:13:39 ip-172-31-26-115 systemd[1]: Starting nfs-convert.service - Preprocess NFS configuration convertion...
Jan  3 16:13:39 ip-172-31-26-115 systemd[1]: Starting systemd-fsck-root.service - File System Check on Root Device...
Jan  3 16:13:39 ip-172-31-26-115 systemd[1]: Stopped systemd-journald.service - Journal Service.
Jan  3 16:13:39 ip-172-31-26-115 systemd[1]: Starting systemd-journald.service - Journal Service...
Jan  3 16:13:39 ip-172-31-26-115 systemd[1]: systemd-modules-load.service - Load Kernel Modules was skipped because no trigger condition checks were met.
Jan  3 16:13:39 ip-172-31-26-115 systemd[1]: Starting systemd-network-generator.service - Generate network units from Kernel command line...
Jan  3 16:13:39 ip-172-31-26-115 systemd[1]: Starting systemd-sysctl.service - Apply Kernel Variables...
Jan  3 16:13:39 ip-172-31-26-115 systemd[1]: Starting systemd-udev-trigger.service - Coldplug All udev Devices...
Jan  3 16:13:39 ip-172-31-26-115 systemd[1]: Mounted dev-hugepages.mount - Huge Pages File System.
Jan  3 16:13:39 ip-172-31-26-115 systemd[1]: Mounted dev-mqueue.mount - POSIX Message Queue File System.
Jan  3 16:13:39 ip-172-31-26-115 systemd[1]: Mounted sys-kernel-debug.mount - Kernel Debug File System.
Jan  3 16:13:39 ip-172-31-26-115 systemd[1]: Mounted sys-kernel-tracing.mount - Kernel Trace File System.
Jan  3 16:13:39 ip-172-31-26-115 systemd[1]: Mounted tmp.mount - Temporary Directory /tmp.
Jan  3 16:13:39 ip-172-31-26-115 kernel: device-mapper: core: CONFIG_IMA_DISABLE_HTABLE is disabled. Duplicate IMA measurements will not be recorded in the IMA log.
Jan  3 16:13:39 ip-172-31-26-115 kernel: device-mapper: uevent: version 1.0.3
Jan  3 16:13:39 ip-172-31-26-115 kernel: device-mapper: ioctl: 4.47.0-ioctl (2022-07-28) initialised: dm-devel@redhat.com
Jan  3 16:13:39 ip-172-31-26-115 systemd[1]: Finished kmod-static-nodes.service - Create List of Static Device Nodes.
Jan  3 16:13:39 ip-172-31-26-115 systemd[1]: modprobe@configfs.service: Deactivated successfully.
Jan  3 16:13:39 ip-172-31-26-115 kernel: fuse: init (API version 7.38)
Jan  3 16:13:39 ip-172-31-26-115 systemd-journald[841]: Journal started
Jan  3 16:13:39 ip-172-31-26-115 systemd-journald[841]: Runtime Journal (/run/log/journal/ec2d371a6ba5cef0225e7c2afe783769) is 4.7M, max 38.2M, 33.4M free.
Jan  3 16:13:39 ip-172-31-26-115 audit: MAC_POLICY_LOAD auid=4294967295 ses=4294967295 lsm=selinux res=1
Jan  3 16:13:39 ip-172-31-26-115 audit: BPF prog-id=8 op=LOAD
Jan  3 16:13:39 ip-172-31-26-115 audit: BPF prog-id=8 op=UNLOAD
Jan  3 16:13:39 ip-172-31-26-115 audit: BPF prog-id=9 op=LOAD
Jan  3 16:13:39 ip-172-31-26-115 audit: BPF prog-id=9 op=UNLOAD
Jan  3 16:13:39 ip-172-31-26-115 audit: BPF prog-id=10 op=LOAD
Jan  3 16:13:39 ip-172-31-26-115 audit: BPF prog-id=10 op=UNLOAD
Jan  3 16:13:39 ip-172-31-26-115 audit: BPF prog-id=11 op=LOAD
Jan  3 16:13:39 ip-172-31-26-115 audit: BPF prog-id=11 op=UNLOAD
Jan  3 16:13:39 ip-172-31-26-115 audit: BPF prog-id=12 op=LOAD
Jan  3 16:13:39 ip-172-31-26-115 audit: BPF prog-id=12 op=UNLOAD
Jan  3 16:13:39 ip-172-31-26-115 audit: BPF prog-id=13 op=LOAD
Jan  3 16:13:39 ip-172-31-26-115 audit: BPF prog-id=13 op=UNLOAD
Jan  3 16:13:39 ip-172-31-26-115 audit: BPF prog-id=14 op=LOAD
Jan  3 16:13:39 ip-172-31-26-115 audit: BPF prog-id=15 op=LOAD
Jan  3 16:13:39 ip-172-31-26-115 audit: BPF prog-id=14 op=UNLOAD
Jan  3 16:13:39 ip-172-31-26-115 audit: BPF prog-id=15 op=UNLOAD
Jan  3 16:13:39 ip-172-31-26-115 audit: BPF prog-id=16 op=LOAD
Jan  3 16:13:39 ip-172-31-26-115 audit: BPF prog-id=16 op=UNLOAD
Jan  3 16:13:39 ip-172-31-26-115 audit: BPF prog-id=17 op=LOAD
Jan  3 16:13:39 ip-172-31-26-115 audit: BPF prog-id=17 op=UNLOAD
Jan  3 16:13:39 ip-172-31-26-115 audit: BPF prog-id=18 op=LOAD
Jan  3 16:13:39 ip-172-31-26-115 audit: BPF prog-id=18 op=UNLOAD
Jan  3 16:13:39 ip-172-31-26-115 audit: BPF prog-id=19 op=LOAD
Jan  3 16:13:39 ip-172-31-26-115 audit: BPF prog-id=19 op=UNLOAD
Jan  3 16:13:39 ip-172-31-26-115 audit: BPF prog-id=20 op=LOAD
Jan  3 16:13:39 ip-172-31-26-115 audit: BPF prog-id=21 op=LOAD
Jan  3 16:13:39 ip-172-31-26-115 audit: BPF prog-id=21 op=UNLOAD
Jan  3 16:13:39 ip-172-31-26-115 audit: BPF prog-id=22 op=LOAD
Jan  3 16:13:39 ip-172-31-26-115 audit: BPF prog-id=20 op=UNLOAD
Jan  3 16:13:39 ip-172-31-26-115 audit: BPF prog-id=22 op=UNLOAD
Jan  3 16:13:39 ip-172-31-26-115 audit: BPF prog-id=23 op=LOAD
Jan  3 16:13:39 ip-172-31-26-115 audit: BPF prog-id=23 op=UNLOAD
Jan  3 16:13:39 ip-172-31-26-115 audit: BPF prog-id=24 op=LOAD
Jan  3 16:13:39 ip-172-31-26-115 audit: BPF prog-id=24 op=UNLOAD
Jan  3 16:13:39 ip-172-31-26-115 audit: BPF prog-id=25 op=LOAD
Jan  3 16:13:39 ip-172-31-26-115 audit: BPF prog-id=25 op=UNLOAD
Jan  3 16:13:39 ip-172-31-26-115 audit: BPF prog-id=26 op=LOAD
Jan  3 16:13:39 ip-172-31-26-115 audit: BPF prog-id=26 op=UNLOAD
Jan  3 16:13:39 ip-172-31-26-115 audit: BPF prog-id=27 op=LOAD
Jan  3 16:13:39 ip-172-31-26-115 audit: BPF prog-id=28 op=LOAD
Jan  3 16:13:39 ip-172-31-26-115 audit: BPF prog-id=3 op=UNLOAD
Jan  3 16:13:39 ip-172-31-26-115 audit: BPF prog-id=29 op=LOAD
Jan  3 16:13:39 ip-172-31-26-115 audit: BPF prog-id=30 op=LOAD
Jan  3 16:13:39 ip-172-31-26-115 audit: BPF prog-id=4 op=UNLOAD
Jan  3 16:13:39 ip-172-31-26-115 audit: BPF prog-id=5 op=UNLOAD
Jan  3 16:13:39 ip-172-31-26-115 audit: BPF prog-id=31 op=LOAD
Jan  3 16:13:39 ip-172-31-26-115 audit: BPF prog-id=28 op=UNLOAD
Jan  3 16:13:39 ip-172-31-26-115 audit: BPF prog-id=32 op=LOAD
Jan  3 16:13:39 ip-172-31-26-115 audit: BPF prog-id=33 op=LOAD
Jan  3 16:13:39 ip-172-31-26-115 audit: BPF prog-id=29 op=UNLOAD
Jan  3 16:13:39 ip-172-31-26-115 audit: BPF prog-id=30 op=UNLOAD
Jan  3 16:13:39 ip-172-31-26-115 audit: BPF prog-id=34 op=LOAD
Jan  3 16:13:39 ip-172-31-26-115 audit: BPF prog-id=31 op=UNLOAD
Jan  3 16:13:39 ip-172-31-26-115 audit: BPF prog-id=35 op=LOAD
Jan  3 16:13:39 ip-172-31-26-115 audit: BPF prog-id=36 op=LOAD
Jan  3 16:13:39 ip-172-31-26-115 audit: BPF prog-id=32 op=UNLOAD
Jan  3 16:13:39 ip-172-31-26-115 audit: BPF prog-id=33 op=UNLOAD
Jan  3 16:13:39 ip-172-31-26-115 audit[1]: SERVICE_STOP pid=1 uid=0 auid=4294967295 ses=4294967295 subj=system_u:system_r:init_t:s0 msg='unit=systemd-journald comm="systemd" exe="/usr/lib/systemd/systemd" hostname=? addr=? terminal=? res=success'
Jan  3 16:13:39 ip-172-31-26-115 audit: BPF prog-id=34 op=UNLOAD
Jan  3 16:13:39 ip-172-31-26-115 audit[1]: SERVICE_START pid=1 uid=0 auid=4294967295 ses=4294967295 subj=system_u:system_r:init_t:s0 msg='unit=initrd-switch-root comm="systemd" exe="/usr/lib/systemd/systemd" hostname=? addr=? terminal=? res=success'
Jan  3 16:13:39 ip-172-31-26-115 audit[1]: SERVICE_STOP pid=1 uid=0 auid=4294967295 ses=4294967295 subj=system_u:system_r:init_t:s0 msg='unit=initrd-switch-root comm="systemd" exe="/usr/lib/systemd/systemd" hostname=? addr=? terminal=? res=success'
Jan  3 16:13:39 ip-172-31-26-115 audit[1]: SERVICE_START pid=1 uid=0 auid=4294967295 ses=4294967295 subj=system_u:system_r:init_t:s0 msg='unit=systemd-journald comm="systemd" exe="/usr/lib/systemd/systemd" hostname=? addr=? terminal=? res=success'
Jan  3 16:13:39 ip-172-31-26-115 audit[1]: SERVICE_STOP pid=1 uid=0 auid=4294967295 ses=4294967295 subj=system_u:system_r:init_t:s0 msg='unit=systemd-journald comm="systemd" exe="/usr/lib/systemd/systemd" hostname=? addr=? terminal=? res=success'
Jan  3 16:13:39 ip-172-31-26-115 audit: BPF prog-id=37 op=LOAD
Jan  3 16:13:39 ip-172-31-26-115 audit: BPF prog-id=38 op=LOAD
Jan  3 16:13:39 ip-172-31-26-115 audit: BPF prog-id=39 op=LOAD
Jan  3 16:13:39 ip-172-31-26-115 audit: BPF prog-id=35 op=UNLOAD
Jan  3 16:13:39 ip-172-31-26-115 audit: BPF prog-id=36 op=UNLOAD
Jan  3 16:13:39 ip-172-31-26-115 audit[1]: SERVICE_START pid=1 uid=0 auid=4294967295 ses=4294967295 subj=system_u:system_r:init_t:s0 msg='unit=kmod-static-nodes comm="systemd" exe="/usr/lib/systemd/systemd" hostname=? addr=? terminal=? res=success'
Jan  3 16:13:39 ip-172-31-26-115 audit: CONFIG_CHANGE op=set audit_enabled=1 old=1 auid=4294967295 ses=4294967295 subj=system_u:system_r:syslogd_t:s0 res=1
Jan  3 16:13:39 ip-172-31-26-115 audit[841]: SYSCALL arch=c000003e syscall=46 success=yes exit=60 a0=6 a1=7ffd13f82f50 a2=4000 a3=7ffd13f82fdc items=0 ppid=1 pid=841 auid=4294967295 uid=0 gid=0 euid=0 suid=0 fsuid=0 egid=0 sgid=0 fsgid=0 tty=(none) ses=4294967295 comm="systemd-journal" exe="/usr/lib/systemd/systemd-journald" subj=system_u:system_r:syslogd_t:s0 key=(null)
Jan  3 16:13:39 ip-172-31-26-115 audit: PROCTITLE proctitle="/usr/lib/systemd/systemd-journald"
Jan  3 16:13:39 ip-172-31-26-115 systemd[1]: Queued start job for default target graphical.target.
Jan  3 16:13:39 ip-172-31-26-115 systemd[1]: systemd-journald.service: Deactivated successfully.
Jan  3 16:13:39 ip-172-31-26-115 systemd-fsck[858]: /usr/sbin/fsck.xfs: XFS file system.
Jan  3 16:13:39 ip-172-31-26-115 kernel: loop: module loaded
Jan  3 16:13:39 ip-172-31-26-115 audit[1]: SERVICE_START pid=1 uid=0 auid=4294967295 ses=4294967295 subj=system_u:system_r:init_t:s0 msg='unit=modprobe@configfs comm="systemd" exe="/usr/lib/systemd/systemd" hostname=? addr=? terminal=? res=success'
Jan  3 16:13:39 ip-172-31-26-115 audit[1]: SERVICE_STOP pid=1 uid=0 auid=4294967295 ses=4294967295 subj=system_u:system_r:init_t:s0 msg='unit=modprobe@configfs comm="systemd" exe="/usr/lib/systemd/systemd" hostname=? addr=? terminal=? res=success'
Jan  3 16:13:39 ip-172-31-26-115 audit[1]: SERVICE_START pid=1 uid=0 auid=4294967295 ses=4294967295 subj=system_u:system_r:init_t:s0 msg='unit=systemd-journald comm="systemd" exe="/usr/lib/systemd/systemd" hostname=? addr=? terminal=? res=success'
Jan  3 16:13:39 ip-172-31-26-115 systemd[1]: modprobe@dm_mod.service: Deactivated successfully.
Jan  3 16:13:39 ip-172-31-26-115 systemd[1]: Finished modprobe@configfs.service - Load Kernel Module configfs.
Jan  3 16:13:39 ip-172-31-26-115 systemd[1]: Started systemd-journald.service - Journal Service.
Jan  3 16:13:39 ip-172-31-26-115 systemd[1]: Finished modprobe@dm_mod.service - Load Kernel Module dm_mod.
Jan  3 16:13:39 ip-172-31-26-115 systemd[1]: modprobe@drm.service: Deactivated successfully.
Jan  3 16:13:39 ip-172-31-26-115 audit[1]: SERVICE_START pid=1 uid=0 auid=4294967295 ses=4294967295 subj=system_u:system_r:init_t:s0 msg='unit=modprobe@dm_mod comm="systemd" exe="/usr/lib/systemd/systemd" hostname=? addr=? terminal=? res=success'
Jan  3 16:13:39 ip-172-31-26-115 audit[1]: SERVICE_STOP pid=1 uid=0 auid=4294967295 ses=4294967295 subj=system_u:system_r:init_t:s0 msg='unit=modprobe@dm_mod comm="systemd" exe="/usr/lib/systemd/systemd" hostname=? addr=? terminal=? res=success'
Jan  3 16:13:39 ip-172-31-26-115 systemd[1]: Finished modprobe@drm.service - Load Kernel Module drm.
Jan  3 16:13:39 ip-172-31-26-115 audit[1]: SERVICE_START pid=1 uid=0 auid=4294967295 ses=4294967295 subj=system_u:system_r:init_t:s0 msg='unit=modprobe@drm comm="systemd" exe="/usr/lib/systemd/systemd" hostname=? addr=? terminal=? res=success'
Jan  3 16:13:39 ip-172-31-26-115 audit[1]: SERVICE_STOP pid=1 uid=0 auid=4294967295 ses=4294967295 subj=system_u:system_r:init_t:s0 msg='unit=modprobe@drm comm="systemd" exe="/usr/lib/systemd/systemd" hostname=? addr=? terminal=? res=success'
Jan  3 16:13:39 ip-172-31-26-115 systemd[1]: modprobe@efi_pstore.service: Deactivated successfully.
Jan  3 16:13:39 ip-172-31-26-115 systemd[1]: Finished modprobe@efi_pstore.service - Load Kernel Module efi_pstore.
Jan  3 16:13:39 ip-172-31-26-115 audit[1]: SERVICE_START pid=1 uid=0 auid=4294967295 ses=4294967295 subj=system_u:system_r:init_t:s0 msg='unit=modprobe@efi_pstore comm="systemd" exe="/usr/lib/systemd/systemd" hostname=? addr=? terminal=? res=success'
Jan  3 16:13:39 ip-172-31-26-115 audit[1]: SERVICE_STOP pid=1 uid=0 auid=4294967295 ses=4294967295 subj=system_u:system_r:init_t:s0 msg='unit=modprobe@efi_pstore comm="systemd" exe="/usr/lib/systemd/systemd" hostname=? addr=? terminal=? res=success'
Jan  3 16:13:39 ip-172-31-26-115 systemd[1]: modprobe@fuse.service: Deactivated successfully.
Jan  3 16:13:39 ip-172-31-26-115 systemd[1]: Finished modprobe@fuse.service - Load Kernel Module fuse.
Jan  3 16:13:39 ip-172-31-26-115 audit[1]: SERVICE_START pid=1 uid=0 auid=4294967295 ses=4294967295 subj=system_u:system_r:init_t:s0 msg='unit=modprobe@fuse comm="systemd" exe="/usr/lib/systemd/systemd" hostname=? addr=? terminal=? res=success'
Jan  3 16:13:39 ip-172-31-26-115 audit[1]: SERVICE_STOP pid=1 uid=0 auid=4294967295 ses=4294967295 subj=system_u:system_r:init_t:s0 msg='unit=modprobe@fuse comm="systemd" exe="/usr/lib/systemd/systemd" hostname=? addr=? terminal=? res=success'
Jan  3 16:13:39 ip-172-31-26-115 systemd[1]: modprobe@loop.service: Deactivated successfully.
Jan  3 16:13:39 ip-172-31-26-115 systemd[1]: Finished modprobe@loop.service - Load Kernel Module loop.
Jan  3 16:13:39 ip-172-31-26-115 audit[1]: SERVICE_START pid=1 uid=0 auid=4294967295 ses=4294967295 subj=system_u:system_r:init_t:s0 msg='unit=modprobe@loop comm="systemd" exe="/usr/lib/systemd/systemd" hostname=? addr=? terminal=? res=success'
Jan  3 16:13:39 ip-172-31-26-115 audit[1]: SERVICE_STOP pid=1 uid=0 auid=4294967295 ses=4294967295 subj=system_u:system_r:init_t:s0 msg='unit=modprobe@loop comm="systemd" exe="/usr/lib/systemd/systemd" hostname=? addr=? terminal=? res=success'
Jan  3 16:13:39 ip-172-31-26-115 systemd[1]: nfs-convert.service: Deactivated successfully.
Jan  3 16:13:40 ip-172-31-26-115 systemd[1]: Finished nfs-convert.service - Preprocess NFS configuration convertion.
Jan  3 16:13:40 ip-172-31-26-115 audit[1]: SERVICE_START pid=1 uid=0 auid=4294967295 ses=4294967295 subj=system_u:system_r:init_t:s0 msg='unit=nfs-convert comm="systemd" exe="/usr/lib/systemd/systemd" hostname=? addr=? terminal=? res=success'
Jan  3 16:13:40 ip-172-31-26-115 audit[1]: SERVICE_STOP pid=1 uid=0 auid=4294967295 ses=4294967295 subj=system_u:system_r:init_t:s0 msg='unit=nfs-convert comm="systemd" exe="/usr/lib/systemd/systemd" hostname=? addr=? terminal=? res=success'
Jan  3 16:13:40 ip-172-31-26-115 systemd[1]: Finished systemd-fsck-root.service - File System Check on Root Device.
Jan  3 16:13:40 ip-172-31-26-115 audit[1]: SERVICE_START pid=1 uid=0 auid=4294967295 ses=4294967295 subj=system_u:system_r:init_t:s0 msg='unit=systemd-fsck-root comm="systemd" exe="/usr/lib/systemd/systemd" hostname=? addr=? terminal=? res=success'
Jan  3 16:13:40 ip-172-31-26-115 systemd[1]: Finished systemd-network-generator.service - Generate network units from Kernel command line.
Jan  3 16:13:40 ip-172-31-26-115 audit[1]: SERVICE_START pid=1 uid=0 auid=4294967295 ses=4294967295 subj=system_u:system_r:init_t:s0 msg='unit=systemd-network-generator comm="systemd" exe="/usr/lib/systemd/systemd" hostname=? addr=? terminal=? res=success'
Jan  3 16:13:40 ip-172-31-26-115 systemd[1]: Finished systemd-sysctl.service - Apply Kernel Variables.
Jan  3 16:13:40 ip-172-31-26-115 audit[1]: SERVICE_START pid=1 uid=0 auid=4294967295 ses=4294967295 subj=system_u:system_r:init_t:s0 msg='unit=systemd-sysctl comm="systemd" exe="/usr/lib/systemd/systemd" hostname=? addr=? terminal=? res=success'
Jan  3 16:13:40 ip-172-31-26-115 systemd[1]: Finished systemd-udev-trigger.service - Coldplug All udev Devices.
Jan  3 16:13:40 ip-172-31-26-115 audit[1]: SERVICE_START pid=1 uid=0 auid=4294967295 ses=4294967295 subj=system_u:system_r:init_t:s0 msg='unit=systemd-udev-trigger comm="systemd" exe="/usr/lib/systemd/systemd" hostname=? addr=? terminal=? res=success'
Jan  3 16:13:40 ip-172-31-26-115 systemd[1]: Mounting sys-fs-fuse-connections.mount - FUSE Control File System...
Jan  3 16:13:40 ip-172-31-26-115 systemd[1]: Mounting sys-kernel-config.mount - Kernel Configuration File System...
Jan  3 16:13:40 ip-172-31-26-115 systemd[1]: Starting systemd-remount-fs.service - Remount Root and Kernel File Systems...
Jan  3 16:13:40 ip-172-31-26-115 systemd[1]: systemd-repart.service - Repartition Root Disk was skipped because no trigger condition checks were met.
Jan  3 16:13:40 ip-172-31-26-115 systemd[1]: Mounted sys-fs-fuse-connections.mount - FUSE Control File System.
Jan  3 16:13:40 ip-172-31-26-115 systemd[1]: Mounted sys-kernel-config.mount - Kernel Configuration File System.
Jan  3 16:13:40 ip-172-31-26-115 systemd[1]: Finished systemd-remount-fs.service - Remount Root and Kernel File Systems.
Jan  3 16:13:40 ip-172-31-26-115 audit[1]: SERVICE_START pid=1 uid=0 auid=4294967295 ses=4294967295 subj=system_u:system_r:init_t:s0 msg='unit=systemd-remount-fs comm="systemd" exe="/usr/lib/systemd/systemd" hostname=? addr=? terminal=? res=success'
Jan  3 16:13:40 ip-172-31-26-115 systemd[1]: systemd-firstboot.service - First Boot Wizard was skipped because of an unmet condition check (ConditionFirstBoot=yes).
Jan  3 16:13:40 ip-172-31-26-115 systemd[1]: systemd-hwdb-update.service - Rebuild Hardware Database was skipped because of an unmet condition check (ConditionNeedsUpdate=/etc).
Jan  3 16:13:40 ip-172-31-26-115 systemd[1]: Starting systemd-journal-flush.service - Flush Journal to Persistent Storage...
Jan  3 16:13:40 ip-172-31-26-115 systemd[1]: systemd-pstore.service - Platform Persistent Storage Archival was skipped because of an unmet condition check (ConditionDirectoryNotEmpty=/sys/fs/pstore).
Jan  3 16:13:40 ip-172-31-26-115 systemd[1]: Starting systemd-random-seed.service - Load/Save Random Seed...
Jan  3 16:13:40 ip-172-31-26-115 systemd[1]: systemd-sysusers.service - Create System Users was skipped because no trigger condition checks were met.
Jan  3 16:13:40 ip-172-31-26-115 systemd[1]: Starting systemd-tmpfiles-setup-dev.service - Create Static Device Nodes in /dev...
Jan  3 16:13:40 ip-172-31-26-115 systemd-journald[841]: Runtime Journal (/run/log/journal/ec2d371a6ba5cef0225e7c2afe783769) is 4.7M, max 38.2M, 33.4M free.
Jan  3 16:13:40 ip-172-31-26-115 systemd-journald[841]: Received client request to flush runtime journal.
Jan  3 16:13:40 ip-172-31-26-115 systemd[1]: Finished systemd-journal-flush.service - Flush Journal to Persistent Storage.
Jan  3 16:13:40 ip-172-31-26-115 audit[1]: SERVICE_START pid=1 uid=0 auid=4294967295 ses=4294967295 subj=system_u:system_r:init_t:s0 msg='unit=systemd-journal-flush comm="systemd" exe="/usr/lib/systemd/systemd" hostname=? addr=? terminal=? res=success'
Jan  3 16:13:40 ip-172-31-26-115 systemd[1]: Finished systemd-random-seed.service - Load/Save Random Seed.
Jan  3 16:13:40 ip-172-31-26-115 audit[1]: SERVICE_START pid=1 uid=0 auid=4294967295 ses=4294967295 subj=system_u:system_r:init_t:s0 msg='unit=systemd-random-seed comm="systemd" exe="/usr/lib/systemd/systemd" hostname=? addr=? terminal=? res=success'
Jan  3 16:13:40 ip-172-31-26-115 systemd[1]: Finished systemd-tmpfiles-setup-dev.service - Create Static Device Nodes in /dev.
Jan  3 16:13:40 ip-172-31-26-115 audit[1]: SERVICE_START pid=1 uid=0 auid=4294967295 ses=4294967295 subj=system_u:system_r:init_t:s0 msg='unit=systemd-tmpfiles-setup-dev comm="systemd" exe="/usr/lib/systemd/systemd" hostname=? addr=? terminal=? res=success'
Jan  3 16:13:40 ip-172-31-26-115 systemd[1]: first-boot-complete.target - First Boot Complete was skipped because of an unmet condition check (ConditionFirstBoot=yes).
Jan  3 16:13:40 ip-172-31-26-115 systemd[1]: Reached target local-fs-pre.target - Preparation for Local File Systems.
Jan  3 16:13:40 ip-172-31-26-115 systemd[1]: Set up automount boot-efi.automount.
Jan  3 16:13:40 ip-172-31-26-115 systemd[1]: Reached target local-fs.target - Local File Systems.
Jan  3 16:13:40 ip-172-31-26-115 systemd[1]: import-state.service - Import network configuration from initramfs was skipped because of an unmet condition check (ConditionDirectoryNotEmpty=/run/initramfs/state).
Jan  3 16:13:40 ip-172-31-26-115 systemd[1]: ldconfig.service - Rebuild Dynamic Linker Cache was skipped because no trigger condition checks were met.
Jan  3 16:13:40 ip-172-31-26-115 systemd[1]: selinux-autorelabel-mark.service - Mark the need to relabel after reboot was skipped because of an unmet condition check (ConditionSecurity=!selinux).
Jan  3 16:13:40 ip-172-31-26-115 systemd[1]: systemd-binfmt.service - Set Up Additional Binary Formats was skipped because no trigger condition checks were met.
Jan  3 16:13:40 ip-172-31-26-115 systemd[1]: systemd-boot-system-token.service - Store a System Token in an EFI Variable was skipped because of an unmet condition check (ConditionPathExists=/sys/firmware/efi/efivars/LoaderFeatures-4a67b082-0a4c-41cf-b6c7-440b29bb8c4f).
Jan  3 16:13:40 ip-172-31-26-115 systemd[1]: Starting systemd-boot-update.service - Automatic Boot Loader Update...
Jan  3 16:13:40 ip-172-31-26-115 systemd[1]: systemd-machine-id-commit.service - Commit a transient machine-id on disk was skipped because of an unmet condition check (ConditionPathIsMountPoint=/etc/machine-id).
Jan  3 16:13:40 ip-172-31-26-115 systemd[1]: Starting systemd-tmpfiles-setup.service - Create Volatile Files and Directories...
Jan  3 16:13:40 ip-172-31-26-115 audit: BPF prog-id=40 op=LOAD
Jan  3 16:13:40 ip-172-31-26-115 audit: BPF prog-id=41 op=LOAD
Jan  3 16:13:40 ip-172-31-26-115 audit: BPF prog-id=6 op=UNLOAD
Jan  3 16:13:40 ip-172-31-26-115 audit: BPF prog-id=7 op=UNLOAD
Jan  3 16:13:40 ip-172-31-26-115 systemd[1]: Starting systemd-udevd.service - Rule-based Manager for Device Events and Files...
Jan  3 16:13:40 ip-172-31-26-115 systemd[1]: boot-efi.automount: Got automount request for /boot/efi, triggered by 1257 (bootctl)
Jan  3 16:13:40 ip-172-31-26-115 systemd[1]: Created slice system-systemd\x2dfsck.slice - Slice /system/systemd-fsck.
Jan  3 16:13:40 ip-172-31-26-115 systemd[1]: Expecting device dev-disk-by\x2duuid-7BBE\x2d6739.device - /dev/disk/by-uuid/7BBE-6739...
Jan  3 16:13:40 ip-172-31-26-115 systemd-udevd[1259]: Using default interface naming scheme 'v252'.
Jan  3 16:13:40 ip-172-31-26-115 audit[1]: SERVICE_START pid=1 uid=0 auid=4294967295 ses=4294967295 subj=system_u:system_r:init_t:s0 msg='unit=systemd-tmpfiles-setup comm="systemd" exe="/usr/lib/systemd/systemd" hostname=? addr=? terminal=? res=success'
Jan  3 16:13:40 ip-172-31-26-115 audit[1]: SERVICE_START pid=1 uid=0 auid=4294967295 ses=4294967295 subj=system_u:system_r:init_t:s0 msg='unit=systemd-udevd comm="systemd" exe="/usr/lib/systemd/systemd" hostname=? addr=? terminal=? res=success'
Jan  3 16:13:40 ip-172-31-26-115 systemd[1]: Finished systemd-tmpfiles-setup.service - Create Volatile Files and Directories.
Jan  3 16:13:40 ip-172-31-26-115 systemd[1]: Started systemd-udevd.service - Rule-based Manager for Device Events and Files.
Jan  3 16:13:40 ip-172-31-26-115 audit: BPF prog-id=42 op=LOAD
Jan  3 16:13:40 ip-172-31-26-115 systemd[1]: Mounting var-lib-nfs-rpc_pipefs.mount - RPC Pipe File System...
Jan  3 16:13:40 ip-172-31-26-115 systemd[1]: Starting auditd.service - Security Auditing Service...
Jan  3 16:13:40 ip-172-31-26-115 systemd[1]: systemd-journal-catalog-update.service - Rebuild Journal Catalog was skipped because of an unmet condition check (ConditionNeedsUpdate=/var).
Jan  3 16:13:40 ip-172-31-26-115 systemd[1]: Starting systemd-resolved.service - Network Name Resolution...
Jan  3 16:13:40 ip-172-31-26-115 systemd[1]: Condition check resulted in dev-ttyS0.device - /dev/ttyS0 being skipped.
Jan  3 16:13:40 ip-172-31-26-115 audit[1287]: AVC avc:  denied  { setattr } for  pid=1287 comm="auditd" name="audit" dev="nvme0n1p1" ino=1806219 scontext=system_u:system_r:auditd_t:s0 tcontext=system_u:object_r:var_log_t:s0 tclass=dir permissive=1
Jan  3 16:13:40 ip-172-31-26-115 audit[1287]: SYSCALL arch=c000003e syscall=90 success=yes exit=0 a0=5608e7f819c0 a1=1c0 a2=5608e7f819ce a3=1a4 items=0 ppid=1284 pid=1287 auid=4294967295 uid=0 gid=0 euid=0 suid=0 fsuid=0 egid=0 sgid=0 fsgid=0 tty=(none) ses=4294967295 comm="auditd" exe="/usr/sbin/auditd" subj=system_u:system_r:auditd_t:s0 key=(null)
Jan  3 16:13:40 ip-172-31-26-115 audit: PROCTITLE proctitle="/sbin/auditd"
Jan  3 16:13:40 ip-172-31-26-115 audit[1287]: AVC avc:  denied  { create } for  pid=1287 comm="auditd" name="audit.log" scontext=system_u:system_r:auditd_t:s0 tcontext=system_u:object_r:var_log_t:s0 tclass=file permissive=1
Jan  3 16:13:40 ip-172-31-26-115 audit[1287]: AVC avc:  denied  { read open } for  pid=1287 comm="auditd" path="/var/log/audit/audit.log" dev="nvme0n1p1" ino=1806232 scontext=system_u:system_r:auditd_t:s0 tcontext=system_u:object_r:var_log_t:s0 tclass=file permissive=1
Jan  3 16:13:40 ip-172-31-26-115 audit[1287]: SYSCALL arch=c000003e syscall=257 success=yes exit=5 a0=ffffff9c a1=5608e7f81750 a2=4c0 a3=1a0 items=4 ppid=1284 pid=1287 auid=4294967295 uid=0 gid=0 euid=0 suid=0 fsuid=0 egid=0 sgid=0 fsgid=0 tty=(none) ses=4294967295 comm="auditd" exe="/usr/sbin/auditd" subj=system_u:system_r:auditd_t:s0 key=(null)
Jan  3 16:13:40 ip-172-31-26-115 audit: CWD cwd="/"
Jan  3 16:13:40 ip-172-31-26-115 audit: PATH item=0 name=(null) inode=1806219 dev=103:01 mode=040700 ouid=0 ogid=0 rdev=00:00 obj=system_u:object_r:var_log_t:s0 nametype=PARENT cap_fp=0 cap_fi=0 cap_fe=0 cap_fver=0 cap_frootid=0
Jan  3 16:13:40 ip-172-31-26-115 audit: PATH item=1 name=(null) nametype=CREATE cap_fp=0 cap_fi=0 cap_fe=0 cap_fver=0 cap_frootid=0
Jan  3 16:13:40 ip-172-31-26-115 audit: PATH item=2 name=(null) inode=1806219 dev=103:01 mode=040700 ouid=0 ogid=0 rdev=00:00 obj=system_u:object_r:var_log_t:s0 nametype=PARENT cap_fp=0 cap_fi=0 cap_fe=0 cap_fver=0 cap_frootid=0
Jan  3 16:13:40 ip-172-31-26-115 audit: PATH item=3 name=(null) inode=1806232 dev=103:01 mode=0100640 ouid=0 ogid=0 rdev=00:00 obj=system_u:object_r:var_log_t:s0 nametype=CREATE cap_fp=0 cap_fi=0 cap_fe=0 cap_fver=0 cap_frootid=0
Jan  3 16:13:40 ip-172-31-26-115 audit: PROCTITLE proctitle="/sbin/auditd"
Jan  3 16:13:40 ip-172-31-26-115 audit[1287]: AVC avc:  denied  { setattr } for  pid=1287 comm="auditd" name="audit.log" dev="nvme0n1p1" ino=1806232 scontext=system_u:system_r:auditd_t:s0 tcontext=system_u:object_r:var_log_t:s0 tclass=file permissive=1
Jan  3 16:13:40 ip-172-31-26-115 audit[1287]: SYSCALL arch=c000003e syscall=91 success=yes exit=0 a0=5 a1=180 a2=0 a3=0 items=0 ppid=1284 pid=1287 auid=4294967295 uid=0 gid=0 euid=0 suid=0 fsuid=0 egid=0 sgid=0 fsgid=0 tty=(none) ses=4294967295 comm="auditd" exe="/usr/sbin/auditd" subj=system_u:system_r:auditd_t:s0 key=(null)
Jan  3 16:13:40 ip-172-31-26-115 audit: PROCTITLE proctitle="/sbin/auditd"
Jan  3 16:13:40 ip-172-31-26-115 auditd[1287]: No plugins found, not dispatching events
Jan  3 16:13:40 ip-172-31-26-115 audit: CONFIG_CHANGE op=set audit_enabled=1 old=1 auid=4294967295 ses=4294967295 subj=system_u:system_r:auditd_t:s0 res=1
Jan  3 16:13:40 ip-172-31-26-115 audit[1287]: SYSCALL arch=c000003e syscall=44 success=yes exit=60 a0=3 a1=7fff14861770 a2=3c a3=0 items=0 ppid=1284 pid=1287 auid=4294967295 uid=0 gid=0 euid=0 suid=0 fsuid=0 egid=0 sgid=0 fsgid=0 tty=(none) ses=4294967295 comm="auditd" exe="/usr/sbin/auditd" subj=system_u:system_r:auditd_t:s0 key=(null)
Jan  3 16:13:40 ip-172-31-26-115 audit: PROCTITLE proctitle="/sbin/auditd"
Jan  3 16:13:40 ip-172-31-26-115 audit: CONFIG_CHANGE op=set audit_pid=1287 old=0 auid=4294967295 ses=4294967295 subj=system_u:system_r:auditd_t:s0 res=1
Jan  3 16:13:40 ip-172-31-26-115 audit[1287]: SYSCALL arch=c000003e syscall=44 success=yes exit=60 a0=3 a1=7fff1485f420 a2=3c a3=0 items=0 ppid=1284 pid=1287 auid=4294967295 uid=0 gid=0 euid=0 suid=0 fsuid=0 egid=0 sgid=0 fsgid=0 tty=(none) ses=4294967295 comm="auditd" exe="/usr/sbin/auditd" subj=system_u:system_r:auditd_t:s0 key=(null)
Jan  3 16:13:40 ip-172-31-26-115 audit: PROCTITLE proctitle="/sbin/auditd"
Jan  3 16:13:40 ip-172-31-26-115 auditd[1287]: Init complete, auditd 3.1.5 listening for events (startup state enable)
Jan  3 16:13:40 ip-172-31-26-115 kernel: RPC: Registered named UNIX socket transport module.
Jan  3 16:13:40 ip-172-31-26-115 kernel: RPC: Registered udp transport module.
Jan  3 16:13:40 ip-172-31-26-115 kernel: RPC: Registered tcp transport module.
Jan  3 16:13:40 ip-172-31-26-115 kernel: RPC: Registered tcp NFSv4.1 backchannel transport module.
Jan  3 16:13:40 ip-172-31-26-115 systemd[1]: Mounted var-lib-nfs-rpc_pipefs.mount - RPC Pipe File System.
Jan  3 16:13:40 ip-172-31-26-115 systemd[1]: Reached target rpc_pipefs.target.
Jan  3 16:13:40 ip-172-31-26-115 kernel: input: Power Button as /devices/LNXSYSTM:00/LNXPWRBN:00/input/input0
Jan  3 16:13:40 ip-172-31-26-115 augenrules[1290]: /sbin/augenrules: No change
Jan  3 16:13:40 ip-172-31-26-115 systemd-resolved[1286]: Positive Trust Anchors:
Jan  3 16:13:40 ip-172-31-26-115 systemd-resolved[1286]: . IN DS 20326 8 2 e06d44b80b8f1d39a95c0b0d7c65d08458e880409bbc683457104237c7f8ec8d
Jan  3 16:13:40 ip-172-31-26-115 systemd-resolved[1286]: Negative trust anchors: home.arpa 10.in-addr.arpa 16.172.in-addr.arpa 17.172.in-addr.arpa 18.172.in-addr.arpa 19.172.in-addr.arpa 20.172.in-addr.arpa 21.172.in-addr.arpa 22.172.in-addr.arpa 23.172.in-addr.arpa 24.172.in-addr.arpa 25.172.in-addr.arpa 26.172.in-addr.arpa 27.172.in-addr.arpa 28.172.in-addr.arpa 29.172.in-addr.arpa 30.172.in-addr.arpa 31.172.in-addr.arpa 168.192.in-addr.arpa d.f.ip6.arpa corp home internal intranet lan local private test
Jan  3 16:13:40 ip-172-31-26-115 kernel: ena 0000:00:05.0: Elastic Network Adapter (ENA) v2.15.0g
Jan  3 16:13:40 ip-172-31-26-115 kernel: ena 0000:00:05.0: ENA device version: 0.10
Jan  3 16:13:40 ip-172-31-26-115 kernel: ena 0000:00:05.0: ENA controller version: 0.0.1 implementation version 1
Jan  3 16:13:40 ip-172-31-26-115 kernel: i8042: PNP: PS/2 Controller [PNP0303:KBD,PNP0f13:MOU] at 0x60,0x64 irq 1,12
Jan  3 16:13:40 ip-172-31-26-115 kernel: i8042: Warning: Keylock active
Jan  3 16:13:40 ip-172-31-26-115 kernel: serio: i8042 KBD port at 0x60,0x64 irq 1
Jan  3 16:13:40 ip-172-31-26-115 kernel: serio: i8042 AUX port at 0x60,0x64 irq 12
Jan  3 16:13:40 ip-172-31-26-115 kernel: ACPI: button: Power Button [PWRF]
Jan  3 16:13:40 ip-172-31-26-115 kernel: input: Sleep Button as /devices/LNXSYSTM:00/LNXSLPBN:00/input/input1
Jan  3 16:13:40 ip-172-31-26-115 kernel: ACPI: button: Sleep Button [SLPF]
Jan  3 16:13:40 ip-172-31-26-115 kernel: ena 0000:00:05.0: LLQ is not supported Fallback to host mode policy.
Jan  3 16:13:40 ip-172-31-26-115 kernel: ena 0000:00:05.0: Elastic Network Adapter (ENA) found at mem 80400000, mac addr 0a:ff:d0:d3:17:91
Jan  3 16:13:40 ip-172-31-26-115 audit: CONFIG_CHANGE auid=4294967295 ses=4294967295 subj=system_u:system_r:unconfined_service_t:s0 op=add_rule key=(null) list=1 res=1
Jan  3 16:13:40 ip-172-31-26-115 audit[1313]: SYSCALL arch=c000003e syscall=44 success=yes exit=1056 a0=3 a1=7ffcb72ab180 a2=420 a3=0 items=0 ppid=1290 pid=1313 auid=4294967295 uid=0 gid=0 euid=0 suid=0 fsuid=0 egid=0 sgid=0 fsgid=0 tty=(none) ses=4294967295 comm="auditctl" exe="/usr/sbin/auditctl" subj=system_u:system_r:unconfined_service_t:s0 key=(null)
Jan  3 16:13:40 ip-172-31-26-115 audit: PROCTITLE proctitle=2F7362696E2F617564697463746C002D52002F6574632F61756469742F61756469742E72756C6573
Jan  3 16:13:40 ip-172-31-26-115 audit[1]: SERVICE_START pid=1 uid=0 auid=4294967295 ses=4294967295 subj=system_u:system_r:init_t:s0 msg='unit=auditd comm="systemd" exe="/usr/lib/systemd/systemd" hostname=? addr=? terminal=? res=success'
Jan  3 16:13:40 ip-172-31-26-115 audit[1317]: SYSTEM_BOOT pid=1317 uid=0 auid=4294967295 ses=4294967295 subj=system_u:system_r:init_t:s0 msg=' comm="systemd-update-utmp" exe="/usr/lib/systemd/systemd-update-utmp" hostname=? addr=? terminal=? res=success'
Jan  3 16:13:40 ip-172-31-26-115 audit[1]: SERVICE_START pid=1 uid=0 auid=4294967295 ses=4294967295 subj=system_u:system_r:init_t:s0 msg='unit=systemd-update-utmp comm="systemd" exe="/usr/lib/systemd/systemd" hostname=? addr=? terminal=? res=success'
Jan  3 16:13:40 ip-172-31-26-115 audit[1]: SERVICE_START pid=1 uid=0 auid=4294967295 ses=4294967295 subj=system_u:system_r:init_t:s0 msg='unit=systemd-resolved comm="systemd" exe="/usr/lib/systemd/systemd" hostname=? addr=? terminal=? res=success'
Jan  3 16:13:40 ip-172-31-26-115 augenrules[1313]: No rules
Jan  3 16:13:40 ip-172-31-26-115 systemd[1]: Started auditd.service - Security Auditing Service.
Jan  3 16:13:40 ip-172-31-26-115 systemd[1]: Starting systemd-update-utmp.service - Record System Boot/Shutdown in UTMP...
Jan  3 16:13:40 ip-172-31-26-115 systemd-resolved[1286]: Using system hostname 'ip-172-31-26-115.ec2.internal'.
Jan  3 16:13:40 ip-172-31-26-115 systemd[1]: Finished systemd-update-utmp.service - Record System Boot/Shutdown in UTMP.
Jan  3 16:13:40 ip-172-31-26-115 systemd[1]: Started systemd-resolved.service - Network Name Resolution.
Jan  3 16:13:40 ip-172-31-26-115 systemd[1]: Reached target nss-lookup.target - Host and Network Name Lookups.
Jan  3 16:13:40 ip-172-31-26-115 kernel: ena 0000:00:05.0 ens5: renamed from eth0
Jan  3 16:13:40 ip-172-31-26-115 systemd[1]: Reloading.
Jan  3 16:13:41 ip-172-31-26-115 zram_generator::config[1398]: zram0: system has too much memory (1913MB), limit is 800MB, ignoring.
Jan  3 16:13:41 ip-172-31-26-115 systemd[1]: /usr/lib/systemd/system/acpid.socket:6: ListenStream= references a path below legacy directory /var/run/, updating /var/run/acpid.socket → /run/acpid.socket; please update the unit file accordingly.
Jan  3 16:13:41 ip-172-31-26-115 systemd[1]: Condition check resulted in dev-disk-by\x2duuid-7BBE\x2d6739.device - Amazon Elastic Block Store EFI\x20System\x20Partition being skipped.
Jan  3 16:13:41 ip-172-31-26-115 audit: BPF prog-id=43 op=LOAD
Jan  3 16:13:41 ip-172-31-26-115 audit: BPF prog-id=42 op=UNLOAD
Jan  3 16:13:41 ip-172-31-26-115 audit: BPF prog-id=44 op=LOAD
